 System.Data.SQLite

 Timestamp is 4fc10e61 (Sat May 26 19:09:53 2012)

 Preferred load address is 10000000

 Start         Length     Name                   Class
 0001:00000000 000a3dd6H .text                   CODE
 0002:00000000 00000204H .idata$5                DATA
 0002:00000204 00000004H .CRT$XCA                DATA
 0002:00000208 00000004H .CRT$XCZ                DATA
 0002:0000020c 00000004H .CRT$XIA                DATA
 0002:00000210 00000004H .CRT$XIAA               DATA
 0002:00000214 00000004H .CRT$XIC                DATA
 0002:00000218 00000004H .CRT$XIZ                DATA
 0002:00000220 00028d6cH .rdata                  DATA
 0002:00028f8c 0000006fH .rdata$debug            DATA
 0002:00029000 00000004H .rdata$sxdata           DATA
 0002:00029004 00000004H .rtc$IAA                DATA
 0002:00029008 00000004H .rtc$IZZ                DATA
 0002:0002900c 00000004H .rtc$TAA                DATA
 0002:00029010 00000004H .rtc$TZZ                DATA
 0002:00029018 00000064H .xdata$x                DATA
 0002:0002907c 00000050H .idata$2                DATA
 0002:000290cc 00000014H .idata$3                DATA
 0002:000290e0 00000204H .idata$4                DATA
 0002:000292e4 00000814H .idata$6                DATA
 0002:00029b00 00001fa6H .edata                  DATA
 0003:00000000 00000e30H .data                   DATA
 0003:00000e40 00001744H .bss                    DATA
 0004:00000000 00000058H .rsrc$01                DATA
 0004:00000060 00000528H .rsrc$02                DATA

  Address         Publics by Value              Rva+Base       Lib:Object

 0000:00000000       __except_list              00000000     <absolute>
 0000:00000001       ___safe_se_handler_count   00000001     <absolute>
 0000:00009876       __ldused                   00009876     <absolute>
 0000:00009876       __fltused                  00009876     <absolute>
 0000:00000000       ___ImageBase               10000000     <linker-defined>
 0001:00000000       _GetFullPathNameW@16       10001000 f   kernel32:KERNEL32.dll
 0001:00000006       _GetFullPathNameA@16       10001006 f   kernel32:KERNEL32.dll
 0001:0000000c       _HeapReAlloc@16            1000100c f   kernel32:KERNEL32.dll
 0001:00000012       _CreateFileA@28            10001012 f   kernel32:KERNEL32.dll
 0001:00000018       _GetFileSize@8             10001018 f   kernel32:KERNEL32.dll
 0001:0000001e       _CreateMutexW@12           1000101e f   kernel32:KERNEL32.dll
 0001:00000024       _SetFilePointer@16         10001024 f   kernel32:KERNEL32.dll
 0001:0000002a       _MapViewOfFile@20          1000102a f   kernel32:KERNEL32.dll
 0001:00000030       _UnmapViewOfFile@4         10001030 f   kernel32:KERNEL32.dll
 0001:00000036       _SetEndOfFile@4            10001036 f   kernel32:KERNEL32.dll
 0001:0000003c       _FreeLibrary@4             1000103c f   kernel32:KERNEL32.dll
 0001:00000042       _HeapAlloc@12              10001042 f   kernel32:KERNEL32.dll
 0001:00000048       _SystemTimeToFileTime@8    10001048 f   kernel32:KERNEL32.dll
 0001:0000004e       _QueryPerformanceCounter@4 1000104e f   kernel32:KERNEL32.dll
 0001:00000054       _HeapFree@12               10001054 f   kernel32:KERNEL32.dll
 0001:0000005a       _UnlockFile@20             1000105a f   kernel32:KERNEL32.dll
 0001:00000060       _LockFile@20               10001060 f   kernel32:KERNEL32.dll
 0001:00000066       _GetTickCount@0            10001066 f   kernel32:KERNEL32.dll
 0001:0000006c       _UnlockFileEx@20           1000106c f   kernel32:KERNEL32.dll
 0001:00000072       _GetSystemTimeAsFileTime@4 10001072 f   kernel32:KERNEL32.dll
 0001:00000078       _FormatMessageA@28         10001078 f   kernel32:KERNEL32.dll
 0001:0000007e       _WriteFile@20              1000107e f   kernel32:KERNEL32.dll
 0001:00000084       _WideCharToMultiByte@32    10001084 f   kernel32:KERNEL32.dll
 0001:0000008a       _LoadLibraryW@4            1000108a f   kernel32:KERNEL32.dll
 0001:00000090       _Sleep@4                   10001090 f   kernel32:KERNEL32.dll
 0001:00000096       _FormatMessageW@28         10001096 f   kernel32:KERNEL32.dll
 0001:0000009c       _HeapDestroy@4             1000109c f   kernel32:KERNEL32.dll
 0001:000000a2       _GetFileAttributesA@4      100010a2 f   kernel32:KERNEL32.dll
 0001:000000a8       _HeapCreate@12             100010a8 f   kernel32:KERNEL32.dll
 0001:000000ae       _HeapValidate@12           100010ae f   kernel32:KERNEL32.dll
 0001:000000b4       _GetFileAttributesW@4      100010b4 f   kernel32:KERNEL32.dll
 0001:000000ba       _ReadFile@20               100010ba f   kernel32:KERNEL32.dll
 0001:000000c0       _CreateFileW@28            100010c0 f   kernel32:KERNEL32.dll
 0001:000000c6       _MultiByteToWideChar@24    100010c6 f   kernel32:KERNEL32.dll
 0001:000000cc       _FlushFileBuffers@4        100010cc f   kernel32:KERNEL32.dll
 0001:000000d2       _GetTempPathW@8            100010d2 f   kernel32:KERNEL32.dll
 0001:000000d8       _GetLastError@0            100010d8 f   kernel32:KERNEL32.dll
 0001:000000de       _GetProcAddress@8          100010de f   kernel32:KERNEL32.dll
 0001:000000e4       _HeapSize@12               100010e4 f   kernel32:KERNEL32.dll
 0001:000000ea       _LockFileEx@24             100010ea f   kernel32:KERNEL32.dll
 0001:000000f0       _GetDiskFreeSpaceW@20      100010f0 f   kernel32:KERNEL32.dll
 0001:000000f6       _LoadLibraryA@4            100010f6 f   kernel32:KERNEL32.dll
 0001:000000fc       _CreateFileMappingW@24     100010fc f   kernel32:KERNEL32.dll
 0001:00000102       _GetDiskFreeSpaceA@20      10001102 f   kernel32:KERNEL32.dll
 0001:00000108       _GetSystemInfo@4           10001108 f   kernel32:KERNEL32.dll
 0001:0000010e       _GetFileAttributesExW@12   1000110e f   kernel32:KERNEL32.dll
 0001:00000114       _GetVersionExA@4           10001114 f   kernel32:KERNEL32.dll
 0001:0000011a       _CloseHandle@4             1000111a f   kernel32:KERNEL32.dll
 0001:00000120       _DeleteFileW@4             10001120 f   kernel32:KERNEL32.dll
 0001:00000126       _GetCurrentProcessId@0     10001126 f   kernel32:KERNEL32.dll
 0001:0000012c       _GetTempPathA@8            1000112c f   kernel32:KERNEL32.dll
 0001:00000132       _LocalFree@4               10001132 f   kernel32:KERNEL32.dll
 0001:00000138       _GetSystemTime@4           10001138 f   kernel32:KERNEL32.dll
 0001:0000013e       _AreFileApisANSI@0         1000113e f   kernel32:KERNEL32.dll
 0001:00000144       _DeleteFileA@4             10001144 f   kernel32:KERNEL32.dll
 0001:0000014a       @__security_check_cookie@4 1000114a f   MSVCRT:secchk.obj
 0001:000001a7       __CRT_INIT@12              100011a7 f   MSVCRT:crtdll.obj
 0001:000004c7       __DllMainCRTStartup@12     100014c7 f   MSVCRT:crtdll.obj
 0001:000004ea       ___report_gsfailure        100014ea f   MSVCRT:gs_report.obj
 0001:000005f0       ___clean_type_info_names   100015f0 f   MSVCRT:tncleanup.obj
 0001:000005fc       __onexit                   100015fc f   MSVCRT:atonexit.obj
 0001:0000069d       _atexit                    1000169d f   MSVCRT:atonexit.obj
 0001:000006b4       __RTC_Initialize           100016b4 f   MSVCRT:_initsect_.obj
 0001:000006da       __RTC_Terminate            100016da f   MSVCRT:_initsect_.obj
 0001:00000700       __ValidateImageBase        10001700 f   MSVCRT:pesect.obj
 0001:00000740       __FindPESection            10001740 f   MSVCRT:pesect.obj
 0001:00000790       __IsNonwritableInCurrentImage 10001790 f   MSVCRT:pesect.obj
 0001:0000084c       __initterm                 1000184c f   MSVCRT:MSVCR100.dll
 0001:00000852       __initterm_e               10001852 f   MSVCRT:MSVCR100.dll
 0001:00000858       __amsg_exit                10001858 f   MSVCRT:MSVCR100.dll
 0001:0000085e       ___CppXcptFilter           1000185e f   MSVCRT:MSVCR100.dll
 0001:00000864       _DllMain@12                10001864 f   MSVCRT:dllmain.obj
 0001:00000890       __SEH_prolog4              10001890 f   MSVCRT:sehprolg4.obj
 0001:000008d5       __SEH_epilog4              100018d5 f   MSVCRT:sehprolg4.obj
 0001:000008e9       __except_handler4          100018e9 f   MSVCRT:chandler4gs.obj
 0001:0000090e       ___security_init_cookie    1000190e f   MSVCRT:gs_support.obj
 0001:000009aa       __crt_debugger_hook        100019aa f   MSVCRT:MSVCR100.dll
 0001:000009b0       ___clean_type_info_names_internal 100019b0 f   MSVCRT:MSVCR100.dll
 0001:000009b6       __unlock                   100019b6 f   MSVCRT:MSVCR100.dll
 0001:000009bc       ___dllonexit               100019bc f   MSVCRT:MSVCR100.dll
 0001:000009c2       __lock                     100019c2 f   MSVCRT:MSVCR100.dll
 0001:000009c8       __except_handler4_common   100019c8 f   MSVCRT:MSVCR100.dll
 0001:00000a38       ?System.Data.SQLite.SQLiteConvert..ctor@@2002011180801171 10001a38 f   System.Data.SQLite.netmodule
 0001:00000a5c       ?System.Data.SQLite.SQLiteConvert.ToUTF8@@00011N050O 10001a5c f   System.Data.SQLite.netmodule
 0001:00000a98       ?System.Data.SQLite.SQLiteConvert.ToUTF8@@20011N051169 10001a98 f   System.Data.SQLite.netmodule
 0001:00000ab4       ?System.Data.SQLite.SQLiteConvert.ToString@@20020O1808 10001ab4 f   System.Data.SQLite.netmodule
 0001:00000ac8       ?System.Data.SQLite.SQLiteConvert.UTF8ToString@@00020O1808 10001ac8 f   System.Data.SQLite.netmodule
 0001:00000b1c       ?System.Data.SQLite.SQLiteConvert.ToDateTime@@200111690O 10001b1c f   System.Data.SQLite.netmodule
 0001:00000b3c       ?System.Data.SQLite.SQLiteConvert.ToDateTime@@000311690O1180801171 10001b3c f   System.Data.SQLite.netmodule
 0001:00000c08       ?System.Data.SQLite.SQLiteConvert.ToDateTime@@200111690N 10001c08 f   System.Data.SQLite.netmodule
 0001:00000c24       ?System.Data.SQLite.SQLiteConvert.ToDateTime@@000211690N1171 10001c24 f   System.Data.SQLite.netmodule
 0001:00000c44       ?System.Data.SQLite.SQLiteConvert.ToJulianDay@@00010N1169 10001c44 f   System.Data.SQLite.netmodule
 0001:00000c60       ?System.Data.SQLite.SQLiteConvert.ToUnixEpoch@@00010K1169 10001c60 f   System.Data.SQLite.netmodule
 0001:00000c88       ?System.Data.SQLite.SQLiteConvert.GetDateTimeKindFormat@@00010O1171 10001c88 f   System.Data.SQLite.netmodule
 0001:00000ca4       ?System.Data.SQLite.SQLiteConvert.ToString@@20010O1169 10001ca4 f   System.Data.SQLite.netmodule
 0001:00000d94       ?System.Data.SQLite.SQLiteConvert.ToDateTime@@200211691808 10001d94 f   System.Data.SQLite.netmodule
 0001:00000db0       ?System.Data.SQLite.SQLiteConvert.Split@@00021N0O0O03 10001db0 f   System.Data.SQLite.netmodule
 0001:00000f0c       ?System.Data.SQLite.SQLiteConvert.ToBoolean@@0001021M 10001f0c f   System.Data.SQLite.netmodule
 0001:00000f34       ?System.Data.SQLite.SQLiteConvert.ToBoolean@@0001020O 10001f34 f   System.Data.SQLite.netmodule
 0001:00001030       ?System.Data.SQLite.SQLiteConvert.ColumnToType@@00030112810008128088 10002030 f   System.Data.SQLite.netmodule
 0001:0000105c       ?System.Data.SQLite.SQLiteConvert.SQLiteTypeToType@@00011275128088 1000205c f   System.Data.SQLite.netmodule
 0001:0000108c       ?System.Data.SQLite.SQLiteConvert.TypeToDbType@@000111791275 1000208c f   System.Data.SQLite.netmodule
 0001:000010d8       ?System.Data.SQLite.SQLiteConvert.DbTypeToColumnSize@@0001081179 100020d8 f   System.Data.SQLite.netmodule
 0001:000010ec       ?System.Data.SQLite.SQLiteConvert.DbTypeToNumericPrecision@@00011M1179 100020ec f   System.Data.SQLite.netmodule
 0001:00001100       ?System.Data.SQLite.SQLiteConvert.DbTypeToNumericScale@@00011M1179 10002100 f   System.Data.SQLite.netmodule
 0001:00001114       ?System.Data.SQLite.SQLiteConvert.DbTypeToTypeName@@00010O1179 10002114 f   System.Data.SQLite.netmodule
 0001:00001160       ?System.Data.SQLite.SQLiteConvert.DbTypeToType@@000112751179 10002160 f   System.Data.SQLite.netmodule
 0001:00001174       ?System.Data.SQLite.SQLiteConvert.TypeToAffinity@@0001117M1275 10002174 f   System.Data.SQLite.netmodule
 0001:000011bc       ?System.Data.SQLite.SQLiteConvert.TypeNameToDbType@@000111790O 100021bc f   System.Data.SQLite.netmodule
 0001:00001714       ?System.Data.SQLite.SQLiteConvert..cctor@@000001 10002714 f   System.Data.SQLite.netmodule
 0001:00001f0c       ?System.Data.SQLite.SQLiteBase..ctor@@2002011180801171 10002f0c f   System.Data.SQLite.netmodule
 0001:00001f24       ?System.Data.SQLite.SQLiteBase.Dispose@@200001 10002f24 f   System.Data.SQLite.netmodule
 0001:00001f40       ?System.Data.SQLite.SQLiteBase.CheckDisposed@@200001 10002f40 f   System.Data.SQLite.netmodule
 0001:00001f6c       ?System.Data.SQLite.SQLiteBase.Dispose@@20010102 10002f6c f   System.Data.SQLite.netmodule
 0001:00001f88       ?System.Data.SQLite.SQLiteBase.Finalize@@200001 10002f88 f   System.Data.SQLite.netmodule
 0001:00001fc4       ?System.Data.SQLite.SQLiteBase.GetLastError@@00020O12811018 10002fc4 f   System.Data.SQLite.netmodule
 0001:00002044       ?System.Data.SQLite.SQLiteBase.FinishBackup@@00020112811018 10003044 f   System.Data.SQLite.netmodule
 0001:000020ac       ?System.Data.SQLite.SQLiteBase.FinalizeStatement@@00020112811018 100030ac f   System.Data.SQLite.netmodule
 0001:00002114       ?System.Data.SQLite.SQLiteBase.CloseConnection@@00020112811018 10003114 f   System.Data.SQLite.netmodule
 0001:00002180       ?System.Data.SQLite.SQLiteBase.ResetConnection@@00020112811018 10003180 f   System.Data.SQLite.netmodule
 0001:00002250       ?System.Data.SQLite.SQLiteBase.IsAutocommit@@00020212811018 10003250 f   System.Data.SQLite.netmodule
 0001:000022c0       ?System.Data.SQLite.SQLite3..ctor@@2002011180801171 100032c0 f   System.Data.SQLite.netmodule
 0001:000022d8       ?System.Data.SQLite.SQLite3.CheckDisposed@@200001 100032d8 f   System.Data.SQLite.netmodule
 0001:00002304       ?System.Data.SQLite.SQLite3.Dispose@@20010102 10003304 f   System.Data.SQLite.netmodule
 0001:0000234c       ?System.Data.SQLite.SQLite3.Close@@200001 1000334c f   System.Data.SQLite.netmodule
 0001:000023ac       ?System.Data.SQLite.SQLite3.Cancel@@200001 100033ac f   System.Data.SQLite.netmodule
 0001:000023cc       ?System.Data.SQLite.SQLite3.get_Version@@20000O 100033cc f   System.Data.SQLite.netmodule
 0001:000023e0       ?System.Data.SQLite.SQLite3.get_DefineConstants@@00000O 100033e0 f   System.Data.SQLite.netmodule
 0001:00002460       ?System.Data.SQLite.SQLite3.get_SQLiteVersion@@00000O 10003460 f   System.Data.SQLite.netmodule
 0001:00002478       ?System.Data.SQLite.SQLite3.get_SQLiteSourceId@@00000O 10003478 f   System.Data.SQLite.netmodule
 0001:00002490       ?System.Data.SQLite.SQLite3.get_AutoCommit@@200002 10003490 f   System.Data.SQLite.netmodule
 0001:000024b4       ?System.Data.SQLite.SQLite3.get_LastInsertRowId@@20000K 100034b4 f   System.Data.SQLite.netmodule
 0001:000024d4       ?System.Data.SQLite.SQLite3.get_Changes@@200008 100034d4 f   System.Data.SQLite.netmodule
 0001:000024f4       ?System.Data.SQLite.SQLite3.get_MemoryUsed@@20000K 100034f4 f   System.Data.SQLite.netmodule
 0001:00002508       ?System.Data.SQLite.SQLite3.get_MemoryHighwater@@20000K 10003508 f   System.Data.SQLite.netmodule
 0001:0000251c       ?System.Data.SQLite.SQLite3.Shutdown@@200008 1000351c f   System.Data.SQLite.netmodule
 0001:00002530       ?System.Data.SQLite.SQLite3.IsOpen@@200002 10003530 f   System.Data.SQLite.netmodule
 0001:0000254c       ?System.Data.SQLite.SQLite3.Open@@2005010O112811240802 1000354c f   System.Data.SQLite.netmodule
 0001:00002610       ?System.Data.SQLite.SQLite3.ClearPool@@200001 10003610 f   System.Data.SQLite.netmodule
 0001:00002628       ?System.Data.SQLite.SQLite3.CountPool@@200008 10003628 f   System.Data.SQLite.netmodule
 0001:00002654       ?System.Data.SQLite.SQLite3.SetTimeout@@20010108 10003654 f   System.Data.SQLite.netmodule
 0001:00002684       ?System.Data.SQLite.SQLite3.Step@@200102128100 10003684 f   System.Data.SQLite.netmodule
 0001:0000272c       ?System.Data.SQLite.SQLite3.Reset@@200108128100 1000372c f   System.Data.SQLite.netmodule
 0001:000027dc       ?System.Data.SQLite.SQLite3.GetLastError@@20000O 100037dc f   System.Data.SQLite.netmodule
 0001:00002800       ?System.Data.SQLite.SQLite3.Prepare@@200512810012380O12810009100O 10003800 f   System.Data.SQLite.netmodule
 0001:00002b18       ?System.Data.SQLite.SQLite3.LogBind@@00020112811408 10003b18 f   System.Data.SQLite.netmodule
 0001:00002b48       ?System.Data.SQLite.SQLite3.LogBind@@00030112811408122N 10003b48 f   System.Data.SQLite.netmodule
 0001:00002b94       ?System.Data.SQLite.SQLite3.FormatDateTime@@00010O1169 10003b94 f   System.Data.SQLite.netmodule
 0001:00002bf4       ?System.Data.SQLite.SQLite3.LogBind@@000301128114081169 10003bf4 f   System.Data.SQLite.netmodule
 0001:00002c48       ?System.Data.SQLite.SQLite3.LogBind@@000301128114080O 10003c48 f   System.Data.SQLite.netmodule
 0001:00002ca4       ?System.Data.SQLite.SQLite3.ToHexadecimalString@@00010O1N05 10003ca4 f   System.Data.SQLite.netmodule
 0001:00002cf0       ?System.Data.SQLite.SQLite3.LogBind@@000301128114081N05 10003cf0 f   System.Data.SQLite.netmodule
 0001:00002d50       ?System.Data.SQLite.SQLite3.Bind_Double@@2004011281001128080N 10003d50 f   System.Data.SQLite.netmodule
 0001:00002d98       ?System.Data.SQLite.SQLite3.Bind_Int32@@20040112810011280808 10003d98 f   System.Data.SQLite.netmodule
 0001:00002de0       ?System.Data.SQLite.SQLite3.Bind_UInt32@@20040112810011280809 10003de0 f   System.Data.SQLite.netmodule
 0001:00002e28       ?System.Data.SQLite.SQLite3.Bind_Int64@@2004011281001128080K 10003e28 f   System.Data.SQLite.netmodule
 0001:00002e70       ?System.Data.SQLite.SQLite3.Bind_UInt64@@2004011281001128080L 10003e70 f   System.Data.SQLite.netmodule
 0001:00002eb8       ?System.Data.SQLite.SQLite3.Bind_Text@@2004011281001128080O 10003eb8 f   System.Data.SQLite.netmodule
 0001:00002f1c       ?System.Data.SQLite.SQLite3.Bind_DateTime@@2004011281001128081169 10003f1c f   System.Data.SQLite.netmodule
 0001:0000307c       ?System.Data.SQLite.SQLite3.Bind_Blob@@2004011281001128081N05 1000407c f   System.Data.SQLite.netmodule
 0001:000030cc       ?System.Data.SQLite.SQLite3.Bind_Null@@200301128100112808 100040cc f   System.Data.SQLite.netmodule
 0001:0000310c       ?System.Data.SQLite.SQLite3.Bind_ParamCount@@2002081281001128 1000410c f   System.Data.SQLite.netmodule
 0001:00003158       ?System.Data.SQLite.SQLite3.Bind_ParamName@@20030O128100112808 10004158 f   System.Data.SQLite.netmodule
 0001:000031ac       ?System.Data.SQLite.SQLite3.Bind_ParamIndex@@20030812810011280O 100041ac f   System.Data.SQLite.netmodule
 0001:00003200       ?System.Data.SQLite.SQLite3.ColumnCount@@200108128100 10004200 f   System.Data.SQLite.netmodule
 0001:00003220       ?System.Data.SQLite.SQLite3.ColumnName@@20020O12810008 10004220 f   System.Data.SQLite.netmodule
 0001:00003248       ?System.Data.SQLite.SQLite3.ColumnAffinity@@2002117M12810008 10004248 f   System.Data.SQLite.netmodule
 0001:00003268       ?System.Data.SQLite.SQLite3.ColumnType@@20030O1281000810117M 10004268 f   System.Data.SQLite.netmodule
 0001:000032c8       ?System.Data.SQLite.SQLite3.ColumnIndex@@2002081281000O 100042c8 f   System.Data.SQLite.netmodule
 0001:00003300       ?System.Data.SQLite.SQLite3.ColumnOriginalName@@20020O12810008 10004300 f   System.Data.SQLite.netmodule
 0001:00003328       ?System.Data.SQLite.SQLite3.ColumnDatabaseName@@20020O12810008 10004328 f   System.Data.SQLite.netmodule
 0001:00003350       ?System.Data.SQLite.SQLite3.ColumnTableName@@20020O12810008 10004350 f   System.Data.SQLite.netmodule
 0001:00003378       ?System.Data.SQLite.SQLite3.ColumnMetaData@@2008010O0O0O100O100O100210021002 10004378 f   System.Data.SQLite.netmodule
 0001:000033f4       ?System.Data.SQLite.SQLite3.GetDouble@@20020N12810008 100043f4 f   System.Data.SQLite.netmodule
 0001:00003414       ?System.Data.SQLite.SQLite3.GetInt32@@20020812810008 10004414 f   System.Data.SQLite.netmodule
 0001:00003434       ?System.Data.SQLite.SQLite3.GetInt64@@20020K12810008 10004434 f   System.Data.SQLite.netmodule
 0001:00003454       ?System.Data.SQLite.SQLite3.GetText@@20020O12810008 10004454 f   System.Data.SQLite.netmodule
 0001:0000347c       ?System.Data.SQLite.SQLite3.GetDateTime@@2002116912810008 1000447c f   System.Data.SQLite.netmodule
 0001:000034a4       ?System.Data.SQLite.SQLite3.GetBytes@@20060K12810008081N050808 100044a4 f   System.Data.SQLite.netmodule
 0001:00003520       ?System.Data.SQLite.SQLite3.GetChars@@20060K12810008081N030808 10004520 f   System.Data.SQLite.netmodule
 0001:0000357c       ?System.Data.SQLite.SQLite3.IsNull@@20020212810008 1000457c f   System.Data.SQLite.netmodule
 0001:00003594       ?System.Data.SQLite.SQLite3.AggregateCount@@20010818 10004594 f   System.Data.SQLite.netmodule
 0001:000035a8       ?System.Data.SQLite.SQLite3.CreateFunction@@2006010O08021280M01280M01280M4 100045a8 f   System.Data.SQLite.netmodule
 0001:00003620       ?System.Data.SQLite.SQLite3.CreateCollation@@2003010O1280M81280M8 10004620 f   System.Data.SQLite.netmodule
 0001:00003680       ?System.Data.SQLite.SQLite3.ContextCollateCompare@@2004081180N0180O0O 10004680 f   System.Data.SQLite.netmodule
 0001:000036dc       ?System.Data.SQLite.SQLite3.ContextCollateCompare@@2004081180N0181N031N03 100046dc f   System.Data.SQLite.netmodule
 0001:00003738       ?System.Data.SQLite.SQLite3.GetCollationSequence@@20021180N41280L018 10004738 f   System.Data.SQLite.netmodule
 0001:00003784       ?System.Data.SQLite.SQLite3.GetParamValueBytes@@20050K18081N050808 10004784 f   System.Data.SQLite.netmodule
 0001:000037e4       ?System.Data.SQLite.SQLite3.GetParamValueDouble@@20010N18 100047e4 f   System.Data.SQLite.netmodule
 0001:000037fc       ?System.Data.SQLite.SQLite3.GetParamValueInt32@@20010818 100047fc f   System.Data.SQLite.netmodule
 0001:00003810       ?System.Data.SQLite.SQLite3.GetParamValueInt64@@20010K18 10004810 f   System.Data.SQLite.netmodule
 0001:00003828       ?System.Data.SQLite.SQLite3.GetParamValueText@@20010O18 10004828 f   System.Data.SQLite.netmodule
 0001:00003844       ?System.Data.SQLite.SQLite3.GetParamValueType@@2001117M18 10004844 f   System.Data.SQLite.netmodule
 0001:00003858       ?System.Data.SQLite.SQLite3.ReturnBlob@@200201181N05 10004858 f   System.Data.SQLite.netmodule
 0001:00003878       ?System.Data.SQLite.SQLite3.ReturnDouble@@200201180N 10004878 f   System.Data.SQLite.netmodule
 0001:0000388c       ?System.Data.SQLite.SQLite3.ReturnError@@200201180O 1000488c f   System.Data.SQLite.netmodule
 0001:000038ac       ?System.Data.SQLite.SQLite3.ReturnInt32@@2002011808 100048ac f   System.Data.SQLite.netmodule
 0001:000038c0       ?System.Data.SQLite.SQLite3.ReturnInt64@@200201180K 100048c0 f   System.Data.SQLite.netmodule
 0001:000038d4       ?System.Data.SQLite.SQLite3.ReturnNull@@20010118 100048d4 f   System.Data.SQLite.netmodule
 0001:000038e8       ?System.Data.SQLite.SQLite3.ReturnText@@200201180O 100048e8 f   System.Data.SQLite.netmodule
 0001:00003914       ?System.Data.SQLite.SQLite3.AggregateContext@@20011818 10004914 f   System.Data.SQLite.netmodule
 0001:00003928       ?System.Data.SQLite.SQLite3.SetExtendedResultCodes@@20010102 10004928 f   System.Data.SQLite.netmodule
 0001:00003950       ?System.Data.SQLite.SQLite3.ResultCode@@200008 10004950 f   System.Data.SQLite.netmodule
 0001:00003970       ?System.Data.SQLite.SQLite3.ExtendedResultCode@@200008 10004970 f   System.Data.SQLite.netmodule
 0001:00003990       ?System.Data.SQLite.SQLite3.LogMessage@@200201080O 10004990 f   System.Data.SQLite.netmodule
 0001:000039ac       ?System.Data.SQLite.SQLite3.SetPassword@@2001011N05 100049ac f   System.Data.SQLite.netmodule
 0001:000039e0       ?System.Data.SQLite.SQLite3.ChangePassword@@2001011N05 100049e0 f   System.Data.SQLite.netmodule
 0001:00003a1c       ?System.Data.SQLite.SQLite3.SetUpdateHook@@2001011240 10004a1c f   System.Data.SQLite.netmodule
 0001:00003a40       ?System.Data.SQLite.SQLite3.SetCommitHook@@2001011244 10004a40 f   System.Data.SQLite.netmodule
 0001:00003a64       ?System.Data.SQLite.SQLite3.SetTraceCallback@@2001011248 10004a64 f   System.Data.SQLite.netmodule
 0001:00003a88       ?System.Data.SQLite.SQLite3.SetRollbackHook@@200101124M 10004a88 f   System.Data.SQLite.netmodule
 0001:00003aac       ?System.Data.SQLite.SQLite3.SetLogCallback@@2001081208 10004aac f   System.Data.SQLite.netmodule
 0001:00003acc       ?System.Data.SQLite.SQLite3.InitializeBackup@@2003121M12380O0O 10004acc f   System.Data.SQLite.netmodule
 0001:00003bb4       ?System.Data.SQLite.SQLite3.StepBackup@@200302121M081002 10004bb4 f   System.Data.SQLite.netmodule
 0001:00003c28       ?System.Data.SQLite.SQLite3.RemainingBackup@@200108121M 10004c28 f   System.Data.SQLite.netmodule
 0001:00003c64       ?System.Data.SQLite.SQLite3.PageCountBackup@@200108121M 10004c64 f   System.Data.SQLite.netmodule
 0001:00003ca0       ?System.Data.SQLite.SQLite3.FinishBackup@@200101121M 10004ca0 f   System.Data.SQLite.netmodule
 0001:00003cfc       ?System.Data.SQLite.SQLite3.IsInitialized@@200002 10004cfc f   System.Data.SQLite.netmodule
 0001:00003d10       ?System.Data.SQLite.SQLite3.StaticIsInitialized@@000002 10004d10 f   System.Data.SQLite.netmodule
 0001:00003d9c       ?System.Data.SQLite.SQLite3.GetValue@@20031M12810008128088 10004d9c f   System.Data.SQLite.netmodule
 0001:00003ed4       ?System.Data.SQLite.SQLite3.GetCursorForTable@@2003081281000808 10004ed4 f   System.Data.SQLite.netmodule
 0001:00003ef4       ?System.Data.SQLite.SQLite3.GetRowIdForCursor@@20020K12810008 10004ef4 f   System.Data.SQLite.netmodule
 0001:00003f1c       ?System.Data.SQLite.SQLite3.GetIndexColumnExtendedInfo@@2006010O0O0O10081008100O 10004f1c f   System.Data.SQLite.netmodule
 0001:00003f70       ?System.Data.SQLite.SQLite3.FileControl@@2003080O0818 10004f70 f   System.Data.SQLite.netmodule
 0001:00003f9c       ?System.Data.SQLite.SQLite3..cctor@@000001 10004f9c f   System.Data.SQLite.netmodule
 0001:00003fb4       ?System.Data.SQLite.SQLite3_UTF16..ctor@@2002011180801171 10004fb4 f   System.Data.SQLite.netmodule
 0001:00003fcc       ?System.Data.SQLite.SQLite3_UTF16.CheckDisposed@@200001 10004fcc f   System.Data.SQLite.netmodule
 0001:00003ff8       ?System.Data.SQLite.SQLite3_UTF16.Dispose@@20010102 10004ff8 f   System.Data.SQLite.netmodule
 0001:0000403c       ?System.Data.SQLite.SQLite3_UTF16.ToString@@20020O1808 1000503c f   System.Data.SQLite.netmodule
 0001:00004058       ?System.Data.SQLite.SQLite3_UTF16.UTF16ToString@@00020O1808 10005058 f   System.Data.SQLite.netmodule
 0001:00004090       ?System.Data.SQLite.SQLite3_UTF16.Open@@2005010O112811240802 10005090 f   System.Data.SQLite.netmodule
 0001:00004154       ?System.Data.SQLite.SQLite3_UTF16.Bind_DateTime@@2004011281001128081169 10005154 f   System.Data.SQLite.netmodule
 0001:000041bc       ?System.Data.SQLite.SQLite3_UTF16.Bind_Text@@2004011281001128080O 100051bc f   System.Data.SQLite.netmodule
 0001:00004210       ?System.Data.SQLite.SQLite3_UTF16.GetDateTime@@2002116912810008 10005210 f   System.Data.SQLite.netmodule
 0001:0000422c       ?System.Data.SQLite.SQLite3_UTF16.ColumnName@@20020O12810008 1000522c f   System.Data.SQLite.netmodule
 0001:00004254       ?System.Data.SQLite.SQLite3_UTF16.GetText@@20020O12810008 10005254 f   System.Data.SQLite.netmodule
 0001:0000427c       ?System.Data.SQLite.SQLite3_UTF16.ColumnOriginalName@@20020O12810008 1000527c f   System.Data.SQLite.netmodule
 0001:000042a4       ?System.Data.SQLite.SQLite3_UTF16.ColumnDatabaseName@@20020O12810008 100052a4 f   System.Data.SQLite.netmodule
 0001:000042cc       ?System.Data.SQLite.SQLite3_UTF16.ColumnTableName@@20020O12810008 100052cc f   System.Data.SQLite.netmodule
 0001:000042f4       ?System.Data.SQLite.SQLite3_UTF16.GetParamValueText@@20010O18 100052f4 f   System.Data.SQLite.netmodule
 0001:00004310       ?System.Data.SQLite.SQLite3_UTF16.ReturnError@@200201180O 10005310 f   System.Data.SQLite.netmodule
 0001:0000432c       ?System.Data.SQLite.SQLite3_UTF16.ReturnText@@200201180O 1000532c f   System.Data.SQLite.netmodule
 0001:00004350       ?System.Data.SQLite.SQLiteBackup..ctor@@2006011210128118181N05181N05 10005350 f   System.Data.SQLite.netmodule
 0001:00004390       ?System.Data.SQLite.SQLiteBackup.Dispose@@200001 10005390 f   System.Data.SQLite.netmodule
 0001:000043ac       ?System.Data.SQLite.SQLiteBackup.CheckDisposed@@200001 100053ac f   System.Data.SQLite.netmodule
 0001:000043d8       ?System.Data.SQLite.SQLiteBackup.Dispose@@20010102 100053d8 f   System.Data.SQLite.netmodule
 0001:0000443c       ?System.Data.SQLite.SQLiteBackup.Finalize@@200001 1000543c f   System.Data.SQLite.netmodule
 0001:00004478       ?System.Data.SQLite.SQLiteCommand..ctor@@200001 10005478 f   System.Data.SQLite.netmodule
 0001:00004490       ?System.Data.SQLite.SQLiteCommand..ctor@@2001010O 10005490 f   System.Data.SQLite.netmodule
 0001:000044a8       ?System.Data.SQLite.SQLiteCommand..ctor@@2002010O1238 100054a8 f   System.Data.SQLite.netmodule
 0001:000044c0       ?System.Data.SQLite.SQLiteCommand..ctor@@2001011238 100054c0 f   System.Data.SQLite.netmodule
 0001:000044d8       ?System.Data.SQLite.SQLiteCommand..ctor@@2001011230 100054d8 f   System.Data.SQLite.netmodule
 0001:00004584       ?System.Data.SQLite.SQLiteCommand..ctor@@2003010O1238128104 10005584 f   System.Data.SQLite.netmodule
 0001:000045e4       ?System.Data.SQLite.SQLiteCommand.CheckDisposed@@200001 100055e4 f   System.Data.SQLite.netmodule
 0001:00004610       ?System.Data.SQLite.SQLiteCommand.Dispose@@20010102 10005610 f   System.Data.SQLite.netmodule
 0001:000046bc       ?System.Data.SQLite.SQLiteCommand.ClearCommands@@200001 100056bc f   System.Data.SQLite.netmodule
 0001:0000475c       ?System.Data.SQLite.SQLiteCommand.BuildNextCommand@@2000128100 1000575c f   System.Data.SQLite.netmodule
 0001:00004880       ?System.Data.SQLite.SQLiteCommand.GetStatement@@200112810008 10005880 f   System.Data.SQLite.netmodule
 0001:000048d4       ?System.Data.SQLite.SQLiteCommand.Cancel@@200001 100058d4 f   System.Data.SQLite.netmodule
 0001:0000490c       ?System.Data.SQLite.SQLiteCommand.get_CommandText@@20000O 1000590c f   System.Data.SQLite.netmodule
 0001:00004928       ?System.Data.SQLite.SQLiteCommand.set_CommandText@@2001010O 10005928 f   System.Data.SQLite.netmodule
 0001:00004980       ?System.Data.SQLite.SQLiteCommand.get_CommandTimeout@@200008 10005980 f   System.Data.SQLite.netmodule
 0001:0000499c       ?System.Data.SQLite.SQLiteCommand.set_CommandTimeout@@20010108 1000599c f   System.Data.SQLite.netmodule
 0001:000049b8       ?System.Data.SQLite.SQLiteCommand.get_CommandType@@200011808N 100059b8 f   System.Data.SQLite.netmodule
 0001:000049cc       ?System.Data.SQLite.SQLiteCommand.set_CommandType@@20010111808N 100059cc f   System.Data.SQLite.netmodule
 0001:000049ec       ?System.Data.SQLite.SQLiteCommand.CreateDbParameter@@2000124N 100059ec f   System.Data.SQLite.netmodule
 0001:00004a00       ?System.Data.SQLite.SQLiteCommand.CreateParameter@@20001280P8 10005a00 f   System.Data.SQLite.netmodule
 0001:00004a18       ?System.Data.SQLite.SQLiteCommand.get_Connection@@20001238 10005a18 f   System.Data.SQLite.netmodule
 0001:00004a34       ?System.Data.SQLite.SQLiteCommand.set_Connection@@2001011238 10005a34 f   System.Data.SQLite.netmodule
 0001:00004a98       ?System.Data.SQLite.SQLiteCommand.get_DbConnection@@20001221 10005a98 f   System.Data.SQLite.netmodule
 0001:00004aac       ?System.Data.SQLite.SQLiteCommand.set_DbConnection@@2001011221 10005aac f   System.Data.SQLite.netmodule
 0001:00004ac8       ?System.Data.SQLite.SQLiteCommand.get_Parameters@@20001280PM 10005ac8 f   System.Data.SQLite.netmodule
 0001:00004ae4       ?System.Data.SQLite.SQLiteCommand.get_DbParameterCollection@@20001251 10005ae4 f   System.Data.SQLite.netmodule
 0001:00004af8       ?System.Data.SQLite.SQLiteCommand.get_Transaction@@2000128104 10005af8 f   System.Data.SQLite.netmodule
 0001:00004b14       ?System.Data.SQLite.SQLiteCommand.set_Transaction@@200101128104 10005b14 f   System.Data.SQLite.netmodule
 0001:00004b8c       ?System.Data.SQLite.SQLiteCommand.get_DbTransaction@@20001255 10005b8c f   System.Data.SQLite.netmodule
 0001:00004ba0       ?System.Data.SQLite.SQLiteCommand.set_DbTransaction@@2001011255 10005ba0 f   System.Data.SQLite.netmodule
 0001:00004bbc       ?System.Data.SQLite.SQLiteCommand.InitializeForReader@@200001 10005bbc f   System.Data.SQLite.netmodule
 0001:00004c4c       ?System.Data.SQLite.SQLiteCommand.ExecuteDbDataReader@@20011239118091 10005c4c f   System.Data.SQLite.netmodule
 0001:00004c60       ?System.Data.SQLite.SQLiteCommand.ExecuteReader@@2001128098118091 10005c60 f   System.Data.SQLite.netmodule
 0001:00004c90       ?System.Data.SQLite.SQLiteCommand.ExecuteReader@@2000128098 10005c90 f   System.Data.SQLite.netmodule
 0001:00004cac       ?System.Data.SQLite.SQLiteCommand.ClearDataReader@@200001 10005cac f   System.Data.SQLite.netmodule
 0001:00004cc0       ?System.Data.SQLite.SQLiteCommand.ExecuteNonQuery@@200008 10005cc0 f   System.Data.SQLite.netmodule
 0001:00004d14       ?System.Data.SQLite.SQLiteCommand.ExecuteScalar@@20001M 10005d14 f   System.Data.SQLite.netmodule
 0001:00004d70       ?System.Data.SQLite.SQLiteCommand.Prepare@@200001 10005d70 f   System.Data.SQLite.netmodule
 0001:00004d84       ?System.Data.SQLite.SQLiteCommand.get_UpdatedRowSource@@2000118085 10005d84 f   System.Data.SQLite.netmodule
 0001:00004da0       ?System.Data.SQLite.SQLiteCommand.set_UpdatedRowSource@@200101118085 10005da0 f   System.Data.SQLite.netmodule
 0001:00004dbc       ?System.Data.SQLite.SQLiteCommand.get_DesignTimeVisible@@200002 10005dbc f   System.Data.SQLite.netmodule
 0001:00004dd8       ?System.Data.SQLite.SQLiteCommand.set_DesignTimeVisible@@20010102 10005dd8 f   System.Data.SQLite.netmodule
 0001:00004df8       ?System.Data.SQLite.SQLiteCommand.Clone@@20001M 10005df8 f   System.Data.SQLite.netmodule
 0001:00004e14       ?System.Data.SQLite.SQLiteCommandBuilder..ctor@@200001 10005e14 f   System.Data.SQLite.netmodule
 0001:00004e28       ?System.Data.SQLite.SQLiteCommandBuilder..ctor@@200101128094 10005e28 f   System.Data.SQLite.netmodule
 0001:00004e58       ?System.Data.SQLite.SQLiteCommandBuilder.CheckDisposed@@200001 10005e58 f   System.Data.SQLite.netmodule
 0001:00004e84       ?System.Data.SQLite.SQLiteCommandBuilder.Dispose@@20010102 10005e84 f   System.Data.SQLite.netmodule
 0001:00004ec8       ?System.Data.SQLite.SQLiteCommandBuilder.ApplyParameterInfo@@200401124N12809511809902 10005ec8 f   System.Data.SQLite.netmodule
 0001:00004ef4       ?System.Data.SQLite.SQLiteCommandBuilder.GetParameterName@@20010O0O 10005ef4 f   System.Data.SQLite.netmodule
 0001:00004f1c       ?System.Data.SQLite.SQLiteCommandBuilder.GetParameterName@@20010O08 10005f1c f   System.Data.SQLite.netmodule
 0001:00004f4c       ?System.Data.SQLite.SQLiteCommandBuilder.GetParameterPlaceholder@@20010O08 10005f4c f   System.Data.SQLite.netmodule
 0001:00004f60       ?System.Data.SQLite.SQLiteCommandBuilder.SetRowUpdatingHandler@@2001011235 10005f60 f   System.Data.SQLite.netmodule
 0001:00004fa8       ?System.Data.SQLite.SQLiteCommandBuilder.RowUpdatingEventHandler@@2002011M12809N 10005fa8 f   System.Data.SQLite.netmodule
 0001:00004fbc       ?System.Data.SQLite.SQLiteCommandBuilder.get_DataAdapter@@2000128094 10005fbc f   System.Data.SQLite.netmodule
 0001:00004fdc       ?System.Data.SQLite.SQLiteCommandBuilder.set_DataAdapter@@200101128094 10005fdc f   System.Data.SQLite.netmodule
 0001:00004ff8       ?System.Data.SQLite.SQLiteCommandBuilder.GetDeleteCommand@@20001230 10005ff8 f   System.Data.SQLite.netmodule
 0001:00005018       ?System.Data.SQLite.SQLiteCommandBuilder.GetDeleteCommand@@2001123002 10006018 f   System.Data.SQLite.netmodule
 0001:00005038       ?System.Data.SQLite.SQLiteCommandBuilder.GetUpdateCommand@@20001230 10006038 f   System.Data.SQLite.netmodule
 0001:00005058       ?System.Data.SQLite.SQLiteCommandBuilder.GetUpdateCommand@@2001123002 10006058 f   System.Data.SQLite.netmodule
 0001:00005078       ?System.Data.SQLite.SQLiteCommandBuilder.GetInsertCommand@@20001230 10006078 f   System.Data.SQLite.netmodule
 0001:00005098       ?System.Data.SQLite.SQLiteCommandBuilder.GetInsertCommand@@2001123002 10006098 f   System.Data.SQLite.netmodule
 0001:000050b8       ?System.Data.SQLite.SQLiteCommandBuilder.get_CatalogLocation@@20001180K1 100060b8 f   System.Data.SQLite.netmodule
 0001:000050d4       ?System.Data.SQLite.SQLiteCommandBuilder.set_CatalogLocation@@2001011180K1 100060d4 f   System.Data.SQLite.netmodule
 0001:000050f0       ?System.Data.SQLite.SQLiteCommandBuilder.get_CatalogSeparator@@20000O 100060f0 f   System.Data.SQLite.netmodule
 0001:0000510c       ?System.Data.SQLite.SQLiteCommandBuilder.set_CatalogSeparator@@2001010O 1000610c f   System.Data.SQLite.netmodule
 0001:00005128       ?System.Data.SQLite.SQLiteCommandBuilder.get_QuotePrefix@@20000O 10006128 f   System.Data.SQLite.netmodule
 0001:00005144       ?System.Data.SQLite.SQLiteCommandBuilder.set_QuotePrefix@@2001010O 10006144 f   System.Data.SQLite.netmodule
 0001:00005160       ?System.Data.SQLite.SQLiteCommandBuilder.get_QuoteSuffix@@20000O 10006160 f   System.Data.SQLite.netmodule
 0001:0000517c       ?System.Data.SQLite.SQLiteCommandBuilder.set_QuoteSuffix@@2001010O 1000617c f   System.Data.SQLite.netmodule
 0001:00005198       ?System.Data.SQLite.SQLiteCommandBuilder.QuoteIdentifier@@20010O0O 10006198 f   System.Data.SQLite.netmodule
 0001:00005200       ?System.Data.SQLite.SQLiteCommandBuilder.UnquoteIdentifier@@20010O0O 10006200 f   System.Data.SQLite.netmodule
 0001:000052a4       ?System.Data.SQLite.SQLiteCommandBuilder.get_SchemaSeparator@@20000O 100062a4 f   System.Data.SQLite.netmodule
 0001:000052c0       ?System.Data.SQLite.SQLiteCommandBuilder.set_SchemaSeparator@@2001010O 100062c0 f   System.Data.SQLite.netmodule
 0001:000052dc       ?System.Data.SQLite.SQLiteCommandBuilder.GetSchemaTable@@20011280K51215 100062dc f   System.Data.SQLite.netmodule
 0001:00005334       ?System.Data.SQLite.SQLiteCommandBuilder.HasSchemaPrimaryKey@@2001021280K5 10006334 f   System.Data.SQLite.netmodule
 0001:000053bc       ?System.Data.SQLite.SQLiteCommandBuilder.ResetIsUniqueSchemaColumn@@2001011280K5 100063bc f   System.Data.SQLite.netmodule
 0001:00005460       ?System.Data.SQLite.SQLiteConnection.add__updateHandler@@2001011254 10006460 f   System.Data.SQLite.netmodule
 0001:00005498       ?System.Data.SQLite.SQLiteConnection.remove__updateHandler@@2001011254 10006498 f   System.Data.SQLite.netmodule
 0001:000054d0       ?System.Data.SQLite.SQLiteConnection.add__commitHandler@@2001011250 100064d0 f   System.Data.SQLite.netmodule
 0001:00005508       ?System.Data.SQLite.SQLiteConnection.remove__commitHandler@@2001011250 10006508 f   System.Data.SQLite.netmodule
 0001:00005540       ?System.Data.SQLite.SQLiteConnection.add__traceHandler@@2001011258 10006540 f   System.Data.SQLite.netmodule
 0001:00005578       ?System.Data.SQLite.SQLiteConnection.remove__traceHandler@@2001011258 10006578 f   System.Data.SQLite.netmodule
 0001:000055b0       ?System.Data.SQLite.SQLiteConnection.add__rollbackHandler@@2001011280L1 100065b0 f   System.Data.SQLite.netmodule
 0001:000055e8       ?System.Data.SQLite.SQLiteConnection.remove__rollbackHandler@@2001011280L1 100065e8 f   System.Data.SQLite.netmodule
 0001:00005620       ?System.Data.SQLite.SQLiteConnection.add_StateChange@@2001011280L5 10006620 f   System.Data.SQLite.netmodule
 0001:00005658       ?System.Data.SQLite.SQLiteConnection.remove_StateChange@@2001011280L5 10006658 f   System.Data.SQLite.netmodule
 0001:00005690       ?System.Data.SQLite.SQLiteConnection..ctor@@200001 10006690 f   System.Data.SQLite.netmodule
 0001:000056a8       ?System.Data.SQLite.SQLiteConnection..ctor@@2001010O 100066a8 f   System.Data.SQLite.netmodule
 0001:000056ec       ?System.Data.SQLite.SQLiteConnection..ctor@@2001011238 100066ec f   System.Data.SQLite.netmodule
 0001:00005834       ?System.Data.SQLite.SQLiteConnection.BackupDatabase@@20060112380O0O08125M08 10006834 f   System.Data.SQLite.netmodule
 0001:0000596c       ?System.Data.SQLite.SQLiteConnection.CheckDisposed@@200001 1000696c f   System.Data.SQLite.netmodule
 0001:00005998       ?System.Data.SQLite.SQLiteConnection.Dispose@@20010102 10006998 f   System.Data.SQLite.netmodule
 0001:000059e0       ?System.Data.SQLite.SQLiteConnection.Clone@@20001M 100069e0 f   System.Data.SQLite.netmodule
 0001:000059fc       ?System.Data.SQLite.SQLiteConnection.CreateFile@@0001010O 100069fc f   System.Data.SQLite.netmodule
 0001:00005a18       ?System.Data.SQLite.SQLiteConnection.OnStateChange@@2001011180K9 10006a18 f   System.Data.SQLite.netmodule
 0001:00005a54       ?System.Data.SQLite.SQLiteConnection.BeginTransaction@@20021281041180KN02 10006a54 f   System.Data.SQLite.netmodule
 0001:00005a84       ?System.Data.SQLite.SQLiteConnection.BeginTransaction@@200112810402 10006a84 f   System.Data.SQLite.netmodule
 0001:00005ab4       ?System.Data.SQLite.SQLiteConnection.BeginTransaction@@20011281041180KN 10006ab4 f   System.Data.SQLite.netmodule
 0001:00005ad4       ?System.Data.SQLite.SQLiteConnection.BeginTransaction@@2000128104 10006ad4 f   System.Data.SQLite.netmodule
 0001:00005af8       ?System.Data.SQLite.SQLiteConnection.BeginDbTransaction@@200112551180KN 10006af8 f   System.Data.SQLite.netmodule
 0001:00005b4c       ?System.Data.SQLite.SQLiteConnection.ChangeDatabase@@2001010O 10006b4c f   System.Data.SQLite.netmodule
 0001:00005b64       ?System.Data.SQLite.SQLiteConnection.Close@@200001 10006b64 f   System.Data.SQLite.netmodule
 0001:00005c20       ?System.Data.SQLite.SQLiteConnection.get_PoolCount@@200008 10006c20 f   System.Data.SQLite.netmodule
 0001:00005c44       ?System.Data.SQLite.SQLiteConnection.ClearPool@@0001011238 10006c44 f   System.Data.SQLite.netmodule
 0001:00005c68       ?System.Data.SQLite.SQLiteConnection.ClearAllPools@@000001 10006c68 f   System.Data.SQLite.netmodule
 0001:00005c7c       ?System.Data.SQLite.SQLiteConnection.get_ConnectionString@@20000O 10006c7c f   System.Data.SQLite.netmodule
 0001:00005c98       ?System.Data.SQLite.SQLiteConnection.set_ConnectionString@@2001010O 10006c98 f   System.Data.SQLite.netmodule
 0001:00005ccc       ?System.Data.SQLite.SQLiteConnection.CreateCommand@@20001230 10006ccc f   System.Data.SQLite.netmodule
 0001:00005ce8       ?System.Data.SQLite.SQLiteConnection.CreateDbCommand@@20001215 10006ce8 f   System.Data.SQLite.netmodule
 0001:00005cfc       ?System.Data.SQLite.SQLiteConnection.get_DataSource@@20000O 10006cfc f   System.Data.SQLite.netmodule
 0001:00005d18       ?System.Data.SQLite.SQLiteConnection.get_Database@@20000O 10006d18 f   System.Data.SQLite.netmodule
 0001:00005d30       ?System.Data.SQLite.SQLiteConnection.MapUriPath@@00010O0O 10006d30 f   System.Data.SQLite.netmodule
 0001:00005d84       ?System.Data.SQLite.SQLiteConnection.ParseConnectionString@@0001151280L9020O0O0O 10006d84 f   System.Data.SQLite.netmodule
 0001:00005e10       ?System.Data.SQLite.SQLiteConnection.EnlistTransaction@@2001011280LN 10006e10 f   System.Data.SQLite.netmodule
 0001:00005e90       ?System.Data.SQLite.SQLiteConnection.FindKey@@00030O151280L9020O0O0O0O 10006e90 f   System.Data.SQLite.netmodule
 0001:00005eac       ?System.Data.SQLite.SQLiteConnection.Open@@200001 10006eac f   System.Data.SQLite.netmodule
 0001:00006504       ?System.Data.SQLite.SQLiteConnection.OpenAndReturn@@20001238 10007504 f   System.Data.SQLite.netmodule
 0001:00006520       ?System.Data.SQLite.SQLiteConnection.get_DefaultTimeout@@200008 10007520 f   System.Data.SQLite.netmodule
 0001:0000653c       ?System.Data.SQLite.SQLiteConnection.set_DefaultTimeout@@20010108 1000753c f   System.Data.SQLite.netmodule
 0001:00006558       ?System.Data.SQLite.SQLiteConnection.get_Flags@@20001128 10007558 f   System.Data.SQLite.netmodule
 0001:00006574       ?System.Data.SQLite.SQLiteConnection.set_Flags@@2001011128 10007574 f   System.Data.SQLite.netmodule
 0001:00006590       ?System.Data.SQLite.SQLiteConnection.get_ServerVersion@@20000O 10007590 f   System.Data.SQLite.netmodule
 0001:000065a8       ?System.Data.SQLite.SQLiteConnection.get_LastInsertRowId@@20000K 100075a8 f   System.Data.SQLite.netmodule
 0001:000065dc       ?System.Data.SQLite.SQLiteConnection.get_Changes@@200008 100075dc f   System.Data.SQLite.netmodule
 0001:00006610       ?System.Data.SQLite.SQLiteConnection.get_MemoryUsed@@20000K 10007610 f   System.Data.SQLite.netmodule
 0001:00006644       ?System.Data.SQLite.SQLiteConnection.get_MemoryHighwater@@20000K 10007644 f   System.Data.SQLite.netmodule
 0001:00006678       ?System.Data.SQLite.SQLiteConnection.get_DefineConstants@@00000O 10007678 f   System.Data.SQLite.netmodule
 0001:0000668c       ?System.Data.SQLite.SQLiteConnection.get_SQLiteVersion@@00000O 1000768c f   System.Data.SQLite.netmodule
 0001:000066a0       ?System.Data.SQLite.SQLiteConnection.get_SQLiteSourceId@@00000O 100076a0 f   System.Data.SQLite.netmodule
 0001:000066b4       ?System.Data.SQLite.SQLiteConnection.get_State@@20001180K9 100076b4 f   System.Data.SQLite.netmodule
 0001:000066d0       ?System.Data.SQLite.SQLiteConnection.Shutdown@@200008 100076d0 f   System.Data.SQLite.netmodule
 0001:0000679c       ?System.Data.SQLite.SQLiteConnection.SetExtendedResultCodes@@20010102 1000779c f   System.Data.SQLite.netmodule
 0001:000067c4       ?System.Data.SQLite.SQLiteConnection.ResultCode@@200008 100077c4 f   System.Data.SQLite.netmodule
 0001:000067f8       ?System.Data.SQLite.SQLiteConnection.ExtendedResultCode@@200008 100077f8 f   System.Data.SQLite.netmodule
 0001:0000682c       ?System.Data.SQLite.SQLiteConnection.LogMessage@@200201080O 1000782c f   System.Data.SQLite.netmodule
 0001:00006860       ?System.Data.SQLite.SQLiteConnection.ChangePassword@@2001010O 10007860 f   System.Data.SQLite.netmodule
 0001:00006890       ?System.Data.SQLite.SQLiteConnection.ChangePassword@@2001011N05 10007890 f   System.Data.SQLite.netmodule
 0001:000068c4       ?System.Data.SQLite.SQLiteConnection.SetPassword@@2001010O 100078c4 f   System.Data.SQLite.netmodule
 0001:000068f4       ?System.Data.SQLite.SQLiteConnection.SetPassword@@2001011N05 100078f4 f   System.Data.SQLite.netmodule
 0001:0000692c       ?System.Data.SQLite.SQLiteConnection.SetAvRetry@@20020810081008 1000792c f   System.Data.SQLite.netmodule
 0001:000069cc       ?System.Data.SQLite.SQLiteConnection.ExpandFileName@@20010O0O 100079cc f   System.Data.SQLite.netmodule
 0001:00006a90       ?System.Data.SQLite.SQLiteConnection.GetSchema@@20001280K5 10007a90 f   System.Data.SQLite.netmodule
 0001:00006ab0       ?System.Data.SQLite.SQLiteConnection.GetSchema@@20011280K50O 10007ab0 f   System.Data.SQLite.netmodule
 0001:00006ad0       ?System.Data.SQLite.SQLiteConnection.GetSchema@@20021280K50O1N0O 10007ad0 f   System.Data.SQLite.netmodule
 0001:00006ce8       ?System.Data.SQLite.SQLiteConnection.Schema_ReservedWords@@00001280K5 10007ce8 f   System.Data.SQLite.netmodule
 0001:00006dbc       ?System.Data.SQLite.SQLiteConnection.Schema_MetaDataCollections@@00001280K5 10007dbc f   System.Data.SQLite.netmodule
 0001:00006e5c       ?System.Data.SQLite.SQLiteConnection.Schema_DataSourceInformation@@20001280K5 10007e5c f   System.Data.SQLite.netmodule
 0001:00007120       ?System.Data.SQLite.SQLiteConnection.Schema_Columns@@20031280K50O0O0O 10008120 f   System.Data.SQLite.netmodule
 0001:00007878       ?System.Data.SQLite.SQLiteConnection.Schema_Indexes@@20031280K50O0O0O 10008878 f   System.Data.SQLite.netmodule
 0001:00008108       ?System.Data.SQLite.SQLiteConnection.Schema_Triggers@@20031280K50O0O0O 10009108 f   System.Data.SQLite.netmodule
 0001:00008304       ?System.Data.SQLite.SQLiteConnection.Schema_Tables@@20031280K50O0O0O 10009304 f   System.Data.SQLite.netmodule
 0001:0000857c       ?System.Data.SQLite.SQLiteConnection.Schema_Views@@20021280K50O0O 1000957c f   System.Data.SQLite.netmodule
 0001:0000881c       ?System.Data.SQLite.SQLiteConnection.Schema_Catalogs@@20011280K50O 1000981c f   System.Data.SQLite.netmodule
 0001:00008970       ?System.Data.SQLite.SQLiteConnection.Schema_DataTypes@@20001280K5 10009970 f   System.Data.SQLite.netmodule
 0001:00008c14       ?System.Data.SQLite.SQLiteConnection.Schema_IndexColumns@@20041280K50O0O0O0O 10009c14 f   System.Data.SQLite.netmodule
 0001:00009310       ?System.Data.SQLite.SQLiteConnection.Schema_ViewColumns@@20031280K50O0O0O 1000a310 f   System.Data.SQLite.netmodule
 0001:00009ad8       ?System.Data.SQLite.SQLiteConnection.Schema_ForeignKeys@@20031280K50O0O0O 1000aad8 f   System.Data.SQLite.netmodule
 0001:0000a09c       ?System.Data.SQLite.SQLiteConnection.add_Update@@2001011254 1000b09c f   System.Data.SQLite.netmodule
 0001:0000a0ec       ?System.Data.SQLite.SQLiteConnection.remove_Update@@2001011254 1000b0ec f   System.Data.SQLite.netmodule
 0001:0000a12c       ?System.Data.SQLite.SQLiteConnection.UpdateCallback@@200501180818180K 1000b12c f   System.Data.SQLite.netmodule
 0001:0000a15c       ?System.Data.SQLite.SQLiteConnection.add_Commit@@2001011250 1000b15c f   System.Data.SQLite.netmodule
 0001:0000a1ac       ?System.Data.SQLite.SQLiteConnection.remove_Commit@@2001011250 1000b1ac f   System.Data.SQLite.netmodule
 0001:0000a1ec       ?System.Data.SQLite.SQLiteConnection.add_Trace@@2001011258 1000b1ec f   System.Data.SQLite.netmodule
 0001:0000a23c       ?System.Data.SQLite.SQLiteConnection.remove_Trace@@2001011258 1000b23c f   System.Data.SQLite.netmodule
 0001:0000a27c       ?System.Data.SQLite.SQLiteConnection.TraceCallback@@2002011818 1000b27c f   System.Data.SQLite.netmodule
 0001:0000a2a4       ?System.Data.SQLite.SQLiteConnection.add_RollBack@@2001011280L1 1000b2a4 f   System.Data.SQLite.netmodule
 0001:0000a2f4       ?System.Data.SQLite.SQLiteConnection.remove_RollBack@@2001011280L1 1000b2f4 f   System.Data.SQLite.netmodule
 0001:0000a334       ?System.Data.SQLite.SQLiteConnection.CommitCallback@@20010818 1000b334 f   System.Data.SQLite.netmodule
 0001:0000a360       ?System.Data.SQLite.SQLiteConnection.RollbackCallback@@20010118 1000b360 f   System.Data.SQLite.netmodule
 0001:0000a380       ?System.Data.SQLite.SQLiteConnection.get_DbProviderFactory@@20001241 1000b380 f   System.Data.SQLite.netmodule
 0001:0000a394       ?System.Data.SQLite.UpdateEventArgs..ctor@@2004010O0O11600K 1000b394 f   System.Data.SQLite.netmodule
 0001:0000a3c4       ?System.Data.SQLite.CommitEventArgs..ctor@@200001 1000b3c4 f   System.Data.SQLite.netmodule
 0001:0000a3d8       ?System.Data.SQLite.TraceEventArgs..ctor@@2001010O 1000b3d8 f   System.Data.SQLite.netmodule
 0001:0000a3f4       ?System.Data.SQLite.SQLiteConnectionPool.GetCounts@@0005010O1015127N020O08100810081008 1000b3f4 f   System.Data.SQLite.netmodule
 0001:0000a514       ?System.Data.SQLite.SQLiteConnectionPool.Remove@@00031281100O081008 1000b514 f   System.Data.SQLite.netmodule
 0001:0000a700       ?System.Data.SQLite.SQLiteConnectionPool.ClearAllPools@@000001 1000b700 f   System.Data.SQLite.netmodule
 0001:0000a804       ?System.Data.SQLite.SQLiteConnectionPool.ClearPool@@0001010O 1000b804 f   System.Data.SQLite.netmodule
 0001:0000a8a4       ?System.Data.SQLite.SQLiteConnectionPool.Add@@0003010O12811008 1000b8a4 f   System.Data.SQLite.netmodule
 0001:0000a93c       ?System.Data.SQLite.SQLiteConnectionPool.ResizePool@@000201127402 1000b93c f   System.Data.SQLite.netmodule
 0001:0000a994       ?System.Data.SQLite.SQLiteConnectionPool..cctor@@000001 1000b994 f   System.Data.SQLite.netmodule
 0001:0000a9c4       ?System.Data.SQLite.SQLiteConnectionPool.Pool..ctor@@2002010808 1000b9c4 f   System.Data.SQLite.netmodule
 0001:0000a9f0       ?System.Data.SQLite.SQLiteConnectionStringBuilder..ctor@@200001 1000b9f0 f   System.Data.SQLite.netmodule
 0001:0000aa0c       ?System.Data.SQLite.SQLiteConnectionStringBuilder..ctor@@2001010O 1000ba0c f   System.Data.SQLite.netmodule
 0001:0000aa28       ?System.Data.SQLite.SQLiteConnectionStringBuilder.Initialize@@2001010O 1000ba28 f   System.Data.SQLite.netmodule
 0001:0000aa90       ?System.Data.SQLite.SQLiteConnectionStringBuilder.get_Version@@200008 1000ba90 f   System.Data.SQLite.netmodule
 0001:0000aab8       ?System.Data.SQLite.SQLiteConnectionStringBuilder.set_Version@@20010108 1000bab8 f   System.Data.SQLite.netmodule
 0001:0000aae0       ?System.Data.SQLite.SQLiteConnectionStringBuilder.get_SyncMode@@2000113M 1000bae0 f   System.Data.SQLite.netmodule
 0001:0000ab24       ?System.Data.SQLite.SQLiteConnectionStringBuilder.set_SyncMode@@200101113M 1000bb24 f   System.Data.SQLite.netmodule
 0001:0000ab44       ?System.Data.SQLite.SQLiteConnectionStringBuilder.get_UseUTF16Encoding@@200002 1000bb44 f   System.Data.SQLite.netmodule
 0001:0000ab68       ?System.Data.SQLite.SQLiteConnectionStringBuilder.set_UseUTF16Encoding@@20010102 1000bb68 f   System.Data.SQLite.netmodule
 0001:0000ab88       ?System.Data.SQLite.SQLiteConnectionStringBuilder.get_Pooling@@200002 1000bb88 f   System.Data.SQLite.netmodule
 0001:0000abac       ?System.Data.SQLite.SQLiteConnectionStringBuilder.set_Pooling@@20010102 1000bbac f   System.Data.SQLite.netmodule
 0001:0000abcc       ?System.Data.SQLite.SQLiteConnectionStringBuilder.get_BinaryGUID@@200002 1000bbcc f   System.Data.SQLite.netmodule
 0001:0000abf0       ?System.Data.SQLite.SQLiteConnectionStringBuilder.set_BinaryGUID@@20010102 1000bbf0 f   System.Data.SQLite.netmodule
 0001:0000ac10       ?System.Data.SQLite.SQLiteConnectionStringBuilder.get_DataSource@@20000O 1000bc10 f   System.Data.SQLite.netmodule
 0001:0000ac34       ?System.Data.SQLite.SQLiteConnectionStringBuilder.set_DataSource@@2001010O 1000bc34 f   System.Data.SQLite.netmodule
 0001:0000ac50       ?System.Data.SQLite.SQLiteConnectionStringBuilder.get_Uri@@20000O 1000bc50 f   System.Data.SQLite.netmodule
 0001:0000ac74       ?System.Data.SQLite.SQLiteConnectionStringBuilder.set_Uri@@2001010O 1000bc74 f   System.Data.SQLite.netmodule
 0001:0000ac90       ?System.Data.SQLite.SQLiteConnectionStringBuilder.get_DefaultTimeout@@200008 1000bc90 f   System.Data.SQLite.netmodule
 0001:0000acb8       ?System.Data.SQLite.SQLiteConnectionStringBuilder.set_DefaultTimeout@@20010108 1000bcb8 f   System.Data.SQLite.netmodule
 0001:0000acd8       ?System.Data.SQLite.SQLiteConnectionStringBuilder.get_Enlist@@200002 1000bcd8 f   System.Data.SQLite.netmodule
 0001:0000acfc       ?System.Data.SQLite.SQLiteConnectionStringBuilder.set_Enlist@@20010102 1000bcfc f   System.Data.SQLite.netmodule
 0001:0000ad1c       ?System.Data.SQLite.SQLiteConnectionStringBuilder.get_FailIfMissing@@200002 1000bd1c f   System.Data.SQLite.netmodule
 0001:0000ad40       ?System.Data.SQLite.SQLiteConnectionStringBuilder.set_FailIfMissing@@20010102 1000bd40 f   System.Data.SQLite.netmodule
 0001:0000ad60       ?System.Data.SQLite.SQLiteConnectionStringBuilder.get_LegacyFormat@@200002 1000bd60 f   System.Data.SQLite.netmodule
 0001:0000ad84       ?System.Data.SQLite.SQLiteConnectionStringBuilder.set_LegacyFormat@@20010102 1000bd84 f   System.Data.SQLite.netmodule
 0001:0000ada4       ?System.Data.SQLite.SQLiteConnectionStringBuilder.get_ReadOnly@@200002 1000bda4 f   System.Data.SQLite.netmodule
 0001:0000adc8       ?System.Data.SQLite.SQLiteConnectionStringBuilder.set_ReadOnly@@20010102 1000bdc8 f   System.Data.SQLite.netmodule
 0001:0000ade8       ?System.Data.SQLite.SQLiteConnectionStringBuilder.get_Password@@20000O 1000bde8 f   System.Data.SQLite.netmodule
 0001:0000ae0c       ?System.Data.SQLite.SQLiteConnectionStringBuilder.set_Password@@2001010O 1000be0c f   System.Data.SQLite.netmodule
 0001:0000ae28       ?System.Data.SQLite.SQLiteConnectionStringBuilder.get_PageSize@@200008 1000be28 f   System.Data.SQLite.netmodule
 0001:0000ae50       ?System.Data.SQLite.SQLiteConnectionStringBuilder.set_PageSize@@20010108 1000be50 f   System.Data.SQLite.netmodule
 0001:0000ae70       ?System.Data.SQLite.SQLiteConnectionStringBuilder.get_MaxPageCount@@200008 1000be70 f   System.Data.SQLite.netmodule
 0001:0000ae98       ?System.Data.SQLite.SQLiteConnectionStringBuilder.set_MaxPageCount@@20010108 1000be98 f   System.Data.SQLite.netmodule
 0001:0000aeb8       ?System.Data.SQLite.SQLiteConnectionStringBuilder.get_CacheSize@@200008 1000beb8 f   System.Data.SQLite.netmodule
 0001:0000aee0       ?System.Data.SQLite.SQLiteConnectionStringBuilder.set_CacheSize@@20010108 1000bee0 f   System.Data.SQLite.netmodule
 0001:0000af00       ?System.Data.SQLite.SQLiteConnectionStringBuilder.get_DateTimeFormat@@2000118080 1000bf00 f   System.Data.SQLite.netmodule
 0001:0000af4c       ?System.Data.SQLite.SQLiteConnectionStringBuilder.set_DateTimeFormat@@200101118080 1000bf4c f   System.Data.SQLite.netmodule
 0001:0000af6c       ?System.Data.SQLite.SQLiteConnectionStringBuilder.get_DateTimeKind@@20001171 1000bf6c f   System.Data.SQLite.netmodule
 0001:0000afb8       ?System.Data.SQLite.SQLiteConnectionStringBuilder.set_DateTimeKind@@2001011171 1000bfb8 f   System.Data.SQLite.netmodule
 0001:0000afd8       ?System.Data.SQLite.SQLiteConnectionStringBuilder.get_BaseSchemaName@@20000O 1000bfd8 f   System.Data.SQLite.netmodule
 0001:0000b010       ?System.Data.SQLite.SQLiteConnectionStringBuilder.set_BaseSchemaName@@2001010O 1000c010 f   System.Data.SQLite.netmodule
 0001:0000b02c       ?System.Data.SQLite.SQLiteConnectionStringBuilder.get_JournalMode@@2000118084 1000c02c f   System.Data.SQLite.netmodule
 0001:0000b070       ?System.Data.SQLite.SQLiteConnectionStringBuilder.set_JournalMode@@200101118084 1000c070 f   System.Data.SQLite.netmodule
 0001:0000b090       ?System.Data.SQLite.SQLiteConnectionStringBuilder.get_DefaultIsolationLevel@@20001180KN 1000c090 f   System.Data.SQLite.netmodule
 0001:0000b0d4       ?System.Data.SQLite.SQLiteConnectionStringBuilder.set_DefaultIsolationLevel@@2001011180KN 1000c0d4 f   System.Data.SQLite.netmodule
 0001:0000b0f4       ?System.Data.SQLite.SQLiteConnectionStringBuilder.get_ForeignKeys@@200002 1000c0f4 f   System.Data.SQLite.netmodule
 0001:0000b118       ?System.Data.SQLite.SQLiteConnectionStringBuilder.set_ForeignKeys@@20010102 1000c118 f   System.Data.SQLite.netmodule
 0001:0000b138       ?System.Data.SQLite.SQLiteConnectionStringBuilder.get_Flags@@20001128 1000c138 f   System.Data.SQLite.netmodule
 0001:0000b184       ?System.Data.SQLite.SQLiteConnectionStringBuilder.set_Flags@@2001011128 1000c184 f   System.Data.SQLite.netmodule
 0001:0000b1a4       ?System.Data.SQLite.SQLiteConnectionStringBuilder.TryGetValue@@2002020O101M 1000c1a4 f   System.Data.SQLite.netmodule
 0001:0000b24c       ?System.Data.SQLite.SQLiteConnectionStringBuilder.FallbackGetProperties@@2001011280M5 1000c24c f   System.Data.SQLite.netmodule
 0001:0000b2d8       ?System.Data.SQLite.SQLiteType..ctor@@200001 1000c2d8 f   System.Data.SQLite.netmodule
 0001:0000b2ec       ?System.Data.SQLite.SQLiteTypeNames..ctor@@2002010O1179 1000c2ec f   System.Data.SQLite.netmodule
 0001:0000b308       ?System.Data.SQLite.TypeNameStringComparer.Equals@@2002020O0O 1000c308 f   System.Data.SQLite.netmodule
 0001:0000b320       ?System.Data.SQLite.TypeNameStringComparer.GetHashCode@@2001080O 1000c320 f   System.Data.SQLite.netmodule
 0001:0000b348       ?System.Data.SQLite.TypeNameStringComparer..ctor@@200001 1000c348 f   System.Data.SQLite.netmodule
 0001:0000b35c       ?System.Data.SQLite.SQLiteDataAdapter..ctor@@200001 1000c35c f   System.Data.SQLite.netmodule
 0001:0000b370       ?System.Data.SQLite.SQLiteDataAdapter..ctor@@2001011230 1000c370 f   System.Data.SQLite.netmodule
 0001:0000b38c       ?System.Data.SQLite.SQLiteDataAdapter..ctor@@2002010O1238 1000c38c f   System.Data.SQLite.netmodule
 0001:0000b3ac       ?System.Data.SQLite.SQLiteDataAdapter..ctor@@2002010O0O 1000c3ac f   System.Data.SQLite.netmodule
 0001:0000b3d4       ?System.Data.SQLite.SQLiteDataAdapter.CheckDisposed@@200001 1000c3d4 f   System.Data.SQLite.netmodule
 0001:0000b400       ?System.Data.SQLite.SQLiteDataAdapter.Dispose@@20010102 1000c400 f   System.Data.SQLite.netmodule
 0001:0000b444       ?System.Data.SQLite.SQLiteDataAdapter.add_RowUpdating@@200101151280M90112809N 1000c444 f   System.Data.SQLite.netmodule
 0001:0000b4b0       ?System.Data.SQLite.SQLiteDataAdapter.remove_RowUpdating@@200101151280M90112809N 1000c4b0 f   System.Data.SQLite.netmodule
 0001:0000b4d4       ?System.Data.SQLite.SQLiteDataAdapter.FindBuilder@@00011280MN1205 1000c4d4 f   System.Data.SQLite.netmodule
 0001:0000b510       ?System.Data.SQLite.SQLiteDataAdapter.add_RowUpdated@@200101151280M9011280N1 1000c510 f   System.Data.SQLite.netmodule
 0001:0000b534       ?System.Data.SQLite.SQLiteDataAdapter.remove_RowUpdated@@200101151280M9011280N1 1000c534 f   System.Data.SQLite.netmodule
 0001:0000b558       ?System.Data.SQLite.SQLiteDataAdapter.OnRowUpdating@@20010112809N 1000c558 f   System.Data.SQLite.netmodule
 0001:0000b588       ?System.Data.SQLite.SQLiteDataAdapter.OnRowUpdated@@2001011280N1 1000c588 f   System.Data.SQLite.netmodule
 0001:0000b5b8       ?System.Data.SQLite.SQLiteDataAdapter.get_SelectCommand@@20001230 1000c5b8 f   System.Data.SQLite.netmodule
 0001:0000b5d8       ?System.Data.SQLite.SQLiteDataAdapter.set_SelectCommand@@2001011230 1000c5d8 f   System.Data.SQLite.netmodule
 0001:0000b5f4       ?System.Data.SQLite.SQLiteDataAdapter.get_InsertCommand@@20001230 1000c5f4 f   System.Data.SQLite.netmodule
 0001:0000b614       ?System.Data.SQLite.SQLiteDataAdapter.set_InsertCommand@@2001011230 1000c614 f   System.Data.SQLite.netmodule
 0001:0000b630       ?System.Data.SQLite.SQLiteDataAdapter.get_UpdateCommand@@20001230 1000c630 f   System.Data.SQLite.netmodule
 0001:0000b650       ?System.Data.SQLite.SQLiteDataAdapter.set_UpdateCommand@@2001011230 1000c650 f   System.Data.SQLite.netmodule
 0001:0000b66c       ?System.Data.SQLite.SQLiteDataAdapter.get_DeleteCommand@@20001230 1000c66c f   System.Data.SQLite.netmodule
 0001:0000b68c       ?System.Data.SQLite.SQLiteDataAdapter.set_DeleteCommand@@2001011230 1000c68c f   System.Data.SQLite.netmodule
 0001:0000b6a8       ?System.Data.SQLite.SQLiteDataAdapter..cctor@@000001 1000c6a8 f   System.Data.SQLite.netmodule
 0001:0000b6cc       ?System.Data.SQLite.SQLiteDataReader..ctor@@2002011230118091 1000c6cc f   System.Data.SQLite.netmodule
 0001:0000b740       ?System.Data.SQLite.SQLiteDataReader.CheckDisposed@@200001 1000c740 f   System.Data.SQLite.netmodule
 0001:0000b774       ?System.Data.SQLite.SQLiteDataReader.Dispose@@20010102 1000c774 f   System.Data.SQLite.netmodule
 0001:0000b7c0       ?System.Data.SQLite.SQLiteDataReader.Cancel@@200001 1000c7c0 f   System.Data.SQLite.netmodule
 0001:0000b7d8       ?System.Data.SQLite.SQLiteDataReader.Close@@200001 1000c7d8 f   System.Data.SQLite.netmodule
 0001:0000b8ec       ?System.Data.SQLite.SQLiteDataReader.CheckClosed@@200001 1000c8ec f   System.Data.SQLite.netmodule
 0001:0000b964       ?System.Data.SQLite.SQLiteDataReader.CheckValidRow@@200001 1000c964 f   System.Data.SQLite.netmodule
 0001:0000b984       ?System.Data.SQLite.SQLiteDataReader.GetEnumerator@@20001280N5 1000c984 f   System.Data.SQLite.netmodule
 0001:0000b9ac       ?System.Data.SQLite.SQLiteDataReader.get_Depth@@200008 1000c9ac f   System.Data.SQLite.netmodule
 0001:0000b9c8       ?System.Data.SQLite.SQLiteDataReader.get_FieldCount@@200008 1000c9c8 f   System.Data.SQLite.netmodule
 0001:0000ba04       ?System.Data.SQLite.SQLiteDataReader.get_VisibleFieldCount@@200008 1000ca04 f   System.Data.SQLite.netmodule
 0001:0000ba24       ?System.Data.SQLite.SQLiteDataReader.VerifyType@@2002117M081179 1000ca24 f   System.Data.SQLite.netmodule
 0001:0000bb00       ?System.Data.SQLite.SQLiteDataReader.GetBoolean@@20010208 1000cb00 f   System.Data.SQLite.netmodule
 0001:0000bb54       ?System.Data.SQLite.SQLiteDataReader.GetByte@@20010508 1000cb54 f   System.Data.SQLite.netmodule
 0001:0000bbb4       ?System.Data.SQLite.SQLiteDataReader.GetBytes@@20050K080K1N050808 1000cbb4 f   System.Data.SQLite.netmodule
 0001:0000bc1c       ?System.Data.SQLite.SQLiteDataReader.GetChar@@20010308 1000cc1c f   System.Data.SQLite.netmodule
 0001:0000bc7c       ?System.Data.SQLite.SQLiteDataReader.GetChars@@20050K080K1N030808 1000cc7c f   System.Data.SQLite.netmodule
 0001:0000bce4       ?System.Data.SQLite.SQLiteDataReader.GetDataTypeName@@20010O08 1000cce4 f   System.Data.SQLite.netmodule
 0001:0000bd58       ?System.Data.SQLite.SQLiteDataReader.GetDateTime@@2001116908 1000cd58 f   System.Data.SQLite.netmodule
 0001:0000bdb0       ?System.Data.SQLite.SQLiteDataReader.GetDecimal@@20011180N908 1000cdb0 f   System.Data.SQLite.netmodule
 0001:0000be18       ?System.Data.SQLite.SQLiteDataReader.GetDouble@@20010N08 1000ce18 f   System.Data.SQLite.netmodule
 0001:0000be70       ?System.Data.SQLite.SQLiteDataReader.GetFieldType@@2001127508 1000ce70 f   System.Data.SQLite.netmodule
 0001:0000beb4       ?System.Data.SQLite.SQLiteDataReader.GetFloat@@20010M08 1000ceb4 f   System.Data.SQLite.netmodule
 0001:0000bf14       ?System.Data.SQLite.SQLiteDataReader.GetGuid@@20011180NN08 1000cf14 f   System.Data.SQLite.netmodule
 0001:0000bfa4       ?System.Data.SQLite.SQLiteDataReader.GetInt16@@20010608 1000cfa4 f   System.Data.SQLite.netmodule
 0001:0000c004       ?System.Data.SQLite.SQLiteDataReader.GetInt32@@20010808 1000d004 f   System.Data.SQLite.netmodule
 0001:0000c060       ?System.Data.SQLite.SQLiteDataReader.GetInt64@@20010K08 1000d060 f   System.Data.SQLite.netmodule
 0001:0000c0bc       ?System.Data.SQLite.SQLiteDataReader.GetName@@20010O08 1000d0bc f   System.Data.SQLite.netmodule
 0001:0000c10c       ?System.Data.SQLite.SQLiteDataReader.GetOrdinal@@2001080O 1000d10c f   System.Data.SQLite.netmodule
 0001:0000c164       ?System.Data.SQLite.SQLiteDataReader.GetSchemaTable@@20001280K5 1000d164 f   System.Data.SQLite.netmodule
 0001:0000c180       ?System.Data.SQLite.SQLiteDataReader.GetStatementColumnParents@@0005011210128100081015127N0212809M1512808901081015127N020812809M 1000d180 f   System.Data.SQLite.netmodule
 0001:0000c22c       ?System.Data.SQLite.SQLiteDataReader.GetSchemaTable@@20021280K50202 1000d22c f   System.Data.SQLite.netmodule
 0001:0000cc88       ?System.Data.SQLite.SQLiteDataReader.GetString@@20010O08 1000dc88 f   System.Data.SQLite.netmodule
 0001:0000cce4       ?System.Data.SQLite.SQLiteDataReader.GetValue@@20011M08 1000dce4 f   System.Data.SQLite.netmodule
 0001:0000cd3c       ?System.Data.SQLite.SQLiteDataReader.GetValues@@2001081N1M 1000dd3c f   System.Data.SQLite.netmodule
 0001:0000cd78       ?System.Data.SQLite.SQLiteDataReader.GetValues@@20001280O1 1000dd78 f   System.Data.SQLite.netmodule
 0001:0000cdfc       ?System.Data.SQLite.SQLiteDataReader.get_HasRows@@200002 1000ddfc f   System.Data.SQLite.netmodule
 0001:0000ce24       ?System.Data.SQLite.SQLiteDataReader.get_IsClosed@@200002 1000de24 f   System.Data.SQLite.netmodule
 0001:0000ce40       ?System.Data.SQLite.SQLiteDataReader.IsDBNull@@20010208 1000de40 f   System.Data.SQLite.netmodule
 0001:0000ce90       ?System.Data.SQLite.SQLiteDataReader.NextResult@@200002 1000de90 f   System.Data.SQLite.netmodule
 0001:0000d050       ?System.Data.SQLite.SQLiteDataReader.GetSQLiteType@@200112808808 1000e050 f   System.Data.SQLite.netmodule
 0001:0000d0e8       ?System.Data.SQLite.SQLiteDataReader.Read@@200002 1000e0e8 f   System.Data.SQLite.netmodule
 0001:0000d15c       ?System.Data.SQLite.SQLiteDataReader.get_RecordsAffected@@200008 1000e15c f   System.Data.SQLite.netmodule
 0001:0000d180       ?System.Data.SQLite.SQLiteDataReader.get_Item@@20011M0O 1000e180 f   System.Data.SQLite.netmodule
 0001:0000d1a0       ?System.Data.SQLite.SQLiteDataReader.get_Item@@20011M08 1000e1a0 f   System.Data.SQLite.netmodule
 0001:0000d1bc       ?System.Data.SQLite.SQLiteDataReader.LoadKeyInfo@@200001 1000e1bc f   System.Data.SQLite.netmodule
 0001:0000d200       ?System.Data.SQLite.SQLiteDataReader.ColumnParent..ctor@@200001 1000e200 f   System.Data.SQLite.netmodule
 0001:0000d214       ?System.Data.SQLite.SQLiteDataReader.ColumnParent..ctor@@2003010O0O0O 1000e214 f   System.Data.SQLite.netmodule
 0001:0000d23c       ?System.Data.SQLite.SQLiteDataReader.ColumnParent.Equals@@20020212809M12809M 1000e23c f   System.Data.SQLite.netmodule
 0001:0000d29c       ?System.Data.SQLite.SQLiteDataReader.ColumnParent.GetHashCode@@20010812809M 1000e29c f   System.Data.SQLite.netmodule
 0001:0000d2f8       ?System.Data.SQLite.SQLiteDefineConstants..cctor@@000001 1000e2f8 f   System.Data.SQLite.netmodule
 0001:0000d340       ?System.Data.SQLite.SQLiteException..ctor@@2002011280O91180ON 1000e340 f   System.Data.SQLite.netmodule
 0001:0000d358       ?System.Data.SQLite.SQLiteException..ctor@@200201080O 1000e358 f   System.Data.SQLite.netmodule
 0001:0000d37c       ?System.Data.SQLite.SQLiteException..ctor@@2001010O 1000e37c f   System.Data.SQLite.netmodule
 0001:0000d390       ?System.Data.SQLite.SQLiteException..ctor@@200001 1000e390 f   System.Data.SQLite.netmodule
 0001:0000d3a4       ?System.Data.SQLite.SQLiteException..ctor@@2002010O1280P1 1000e3a4 f   System.Data.SQLite.netmodule
 0001:0000d3bc       ?System.Data.SQLite.SQLiteException.get_ErrorCode@@20001180K8 1000e3bc f   System.Data.SQLite.netmodule
 0001:0000d3d0       ?System.Data.SQLite.SQLiteException.GetStockErrorMessage@@00020O080O 1000e3d0 f   System.Data.SQLite.netmodule
 0001:0000d41c       ?System.Data.SQLite.SQLiteException..cctor@@000001 1000e41c f   System.Data.SQLite.netmodule
 0001:0000d524       ?System.Data.SQLite.SQLiteFactory..ctor@@200001 1000e524 f   System.Data.SQLite.netmodule
 0001:0000d538       ?System.Data.SQLite.SQLiteFactory.Dispose@@200001 1000e538 f   System.Data.SQLite.netmodule
 0001:0000d554       ?System.Data.SQLite.SQLiteFactory.CheckDisposed@@200001 1000e554 f   System.Data.SQLite.netmodule
 0001:0000d580       ?System.Data.SQLite.SQLiteFactory.Dispose@@20010102 1000e580 f   System.Data.SQLite.netmodule
 0001:0000d59c       ?System.Data.SQLite.SQLiteFactory.Finalize@@200001 1000e59c f   System.Data.SQLite.netmodule
 0001:0000d5d8       ?System.Data.SQLite.SQLiteFactory.add_Log@@2001011280OM 1000e5d8 f   System.Data.SQLite.netmodule
 0001:0000d5f4       ?System.Data.SQLite.SQLiteFactory.remove_Log@@2001011280OM 1000e5f4 f   System.Data.SQLite.netmodule
 0001:0000d610       ?System.Data.SQLite.SQLiteFactory.CreateCommand@@20001215 1000e610 f   System.Data.SQLite.netmodule
 0001:0000d628       ?System.Data.SQLite.SQLiteFactory.CreateCommandBuilder@@2000121N 1000e628 f   System.Data.SQLite.netmodule
 0001:0000d640       ?System.Data.SQLite.SQLiteFactory.CreateConnection@@20001221 1000e640 f   System.Data.SQLite.netmodule
 0001:0000d658       ?System.Data.SQLite.SQLiteFactory.CreateConnectionStringBuilder@@20001229 1000e658 f   System.Data.SQLite.netmodule
 0001:0000d670       ?System.Data.SQLite.SQLiteFactory.CreateDataAdapter@@20001235 1000e670 f   System.Data.SQLite.netmodule
 0001:0000d688       ?System.Data.SQLite.SQLiteFactory.CreateParameter@@2000124N 1000e688 f   System.Data.SQLite.netmodule
 0001:0000d6a0       ?System.Data.SQLite.SQLiteFactory..cctor@@000001 1000e6a0 f   System.Data.SQLite.netmodule
 0001:0000d6d8       ?System.Data.SQLite.SQLiteFactory.System.IServiceProvider.GetService@@20011M1275 1000e6d8 f   System.Data.SQLite.netmodule
 0001:0000d71c       ?System.Data.SQLite.SQLiteFactory.GetSQLiteProviderServicesInstance@@20001M 1000e71c f   System.Data.SQLite.netmodule
 0001:0000d780       ?System.Data.SQLite.SQLiteFunction..ctor@@200001 1000e780 f   System.Data.SQLite.netmodule
 0001:0000d7a0       ?System.Data.SQLite.SQLiteFunction.Dispose@@200001 1000e7a0 f   System.Data.SQLite.netmodule
 0001:0000d7bc       ?System.Data.SQLite.SQLiteFunction.CheckDisposed@@200001 1000e7bc f   System.Data.SQLite.netmodule
 0001:0000d7e8       ?System.Data.SQLite.SQLiteFunction.Dispose@@20010102 1000e7e8 f   System.Data.SQLite.netmodule
 0001:0000d8b0       ?System.Data.SQLite.SQLiteFunction.Finalize@@200001 1000e8b0 f   System.Data.SQLite.netmodule
 0001:0000d8ec       ?System.Data.SQLite.SQLiteFunction.get_SQLiteConvert@@2000120M 1000e8ec f   System.Data.SQLite.netmodule
 0001:0000d908       ?System.Data.SQLite.SQLiteFunction.Invoke@@20011M1N1M 1000e908 f   System.Data.SQLite.netmodule
 0001:0000d91c       ?System.Data.SQLite.SQLiteFunction.Step@@2003011N1M08101M 1000e91c f   System.Data.SQLite.netmodule
 0001:0000d930       ?System.Data.SQLite.SQLiteFunction.Final@@20011M1M 1000e930 f   System.Data.SQLite.netmodule
 0001:0000d944       ?System.Data.SQLite.SQLiteFunction.Compare@@2002080O0O 1000e944 f   System.Data.SQLite.netmodule
 0001:0000d958       ?System.Data.SQLite.SQLiteFunction.ConvertParams@@20021N1M0818 1000e958 f   System.Data.SQLite.netmodule
 0001:0000dac4       ?System.Data.SQLite.SQLiteFunction.SetReturnValue@@200201181M 1000eac4 f   System.Data.SQLite.netmodule
 0001:0000dbc4       ?System.Data.SQLite.SQLiteFunction.ScalarCallback@@200301180818 1000ebc4 f   System.Data.SQLite.netmodule
 0001:0000dc4c       ?System.Data.SQLite.SQLiteFunction.CompareCallback@@2005081808180818 1000ec4c f   System.Data.SQLite.netmodule
 0001:0000dce4       ?System.Data.SQLite.SQLiteFunction.CompareCallback16@@2005081808180818 1000ece4 f   System.Data.SQLite.netmodule
 0001:0000dd7c       ?System.Data.SQLite.SQLiteFunction.StepCallback@@200301180818 1000ed7c f   System.Data.SQLite.netmodule
 0001:0000de80       ?System.Data.SQLite.SQLiteFunction.FinalCallback@@20010118 1000ee80 f   System.Data.SQLite.netmodule
 0001:0000df70       ?System.Data.SQLite.SQLiteFunction..cctor@@000001 1000ef70 f   System.Data.SQLite.netmodule
 0001:0000e0c0       ?System.Data.SQLite.SQLiteFunction.RegisterFunction@@0001011275 1000f0c0 f   System.Data.SQLite.netmodule
 0001:0000e110       ?System.Data.SQLite.SQLiteFunction.BindFunctions@@00021N1280L012101128 1000f110 f   System.Data.SQLite.netmodule
 0001:0000e294       ?System.Data.SQLite.SQLiteFunction.AggregateData..ctor@@200001 1000f294 f   System.Data.SQLite.netmodule
 0001:0000e2b0       ?System.Data.SQLite.SQLiteFunctionEx.GetCollationSequence@@20001180N4 1000f2b0 f   System.Data.SQLite.netmodule
 0001:0000e2d0       ?System.Data.SQLite.SQLiteFunctionEx.CheckDisposed@@200001 1000f2d0 f   System.Data.SQLite.netmodule
 0001:0000e2fc       ?System.Data.SQLite.SQLiteFunctionEx.Dispose@@20010102 1000f2fc f   System.Data.SQLite.netmodule
 0001:0000e340       ?System.Data.SQLite.SQLiteFunctionEx..ctor@@200001 1000f340 f   System.Data.SQLite.netmodule
 0001:0000e354       ?System.Data.SQLite.CollationSequence.Compare@@2002080O0O 1000f354 f   System.Data.SQLite.netmodule
 0001:0000e384       ?System.Data.SQLite.CollationSequence.Compare@@2002081N031N03 1000f384 f   System.Data.SQLite.netmodule
 0001:0000e3b4       ?System.Data.SQLite.SQLiteFunctionAttribute..ctor@@200001 1000f3b4 f   System.Data.SQLite.netmodule
 0001:0000e3e0       ?System.Data.SQLite.SQLiteFunctionAttribute.get_Name@@20000O 1000f3e0 f   System.Data.SQLite.netmodule
 0001:0000e3f4       ?System.Data.SQLite.SQLiteFunctionAttribute.set_Name@@2001010O 1000f3f4 f   System.Data.SQLite.netmodule
 0001:0000e408       ?System.Data.SQLite.SQLiteFunctionAttribute.get_Arguments@@200008 1000f408 f   System.Data.SQLite.netmodule
 0001:0000e41c       ?System.Data.SQLite.SQLiteFunctionAttribute.set_Arguments@@20010108 1000f41c f   System.Data.SQLite.netmodule
 0001:0000e430       ?System.Data.SQLite.SQLiteFunctionAttribute.get_FuncType@@20001180LM 1000f430 f   System.Data.SQLite.netmodule
 0001:0000e444       ?System.Data.SQLite.SQLiteFunctionAttribute.set_FuncType@@2001011180LM 1000f444 f   System.Data.SQLite.netmodule
 0001:0000e458       ?System.Data.SQLite.SQLiteKeyReader..ctor@@2003011238128098128100 1000f458 f   System.Data.SQLite.netmodule
 0001:0000eb10       ?System.Data.SQLite.SQLiteKeyReader.Dispose@@200001 1000fb10 f   System.Data.SQLite.netmodule
 0001:0000eb2c       ?System.Data.SQLite.SQLiteKeyReader.CheckDisposed@@200001 1000fb2c f   System.Data.SQLite.netmodule
 0001:0000eb58       ?System.Data.SQLite.SQLiteKeyReader.Dispose@@20010102 1000fb58 f   System.Data.SQLite.netmodule
 0001:0000ebcc       ?System.Data.SQLite.SQLiteKeyReader.Finalize@@200001 1000fbcc f   System.Data.SQLite.netmodule
 0001:0000ec08       ?System.Data.SQLite.SQLiteKeyReader.get_Count@@200008 1000fc08 f   System.Data.SQLite.netmodule
 0001:0000ec28       ?System.Data.SQLite.SQLiteKeyReader.Sync@@20010108 1000fc28 f   System.Data.SQLite.netmodule
 0001:0000ec58       ?System.Data.SQLite.SQLiteKeyReader.Sync@@200001 1000fc58 f   System.Data.SQLite.netmodule
 0001:0000ecf4       ?System.Data.SQLite.SQLiteKeyReader.Reset@@200001 1000fcf4 f   System.Data.SQLite.netmodule
 0001:0000ed50       ?System.Data.SQLite.SQLiteKeyReader.GetDataTypeName@@20010O08 1000fd50 f   System.Data.SQLite.netmodule
 0001:0000eda8       ?System.Data.SQLite.SQLiteKeyReader.GetFieldType@@2001127508 1000fda8 f   System.Data.SQLite.netmodule
 0001:0000ee08       ?System.Data.SQLite.SQLiteKeyReader.GetName@@20010O08 1000fe08 f   System.Data.SQLite.netmodule
 0001:0000ee28       ?System.Data.SQLite.SQLiteKeyReader.GetOrdinal@@2001080O 1000fe28 f   System.Data.SQLite.netmodule
 0001:0000ee68       ?System.Data.SQLite.SQLiteKeyReader.GetBoolean@@20010208 1000fe68 f   System.Data.SQLite.netmodule
 0001:0000eec4       ?System.Data.SQLite.SQLiteKeyReader.GetByte@@20010508 1000fec4 f   System.Data.SQLite.netmodule
 0001:0000ef20       ?System.Data.SQLite.SQLiteKeyReader.GetBytes@@20050K080K1N050808 1000ff20 f   System.Data.SQLite.netmodule
 0001:0000ef80       ?System.Data.SQLite.SQLiteKeyReader.GetChar@@20010308 1000ff80 f   System.Data.SQLite.netmodule
 0001:0000efdc       ?System.Data.SQLite.SQLiteKeyReader.GetChars@@20050K080K1N030808 1000ffdc f   System.Data.SQLite.netmodule
 0001:0000f03c       ?System.Data.SQLite.SQLiteKeyReader.GetDateTime@@2001116908 1001003c f   System.Data.SQLite.netmodule
 0001:0000f098       ?System.Data.SQLite.SQLiteKeyReader.GetDecimal@@20011180N908 10010098 f   System.Data.SQLite.netmodule
 0001:0000f0f4       ?System.Data.SQLite.SQLiteKeyReader.GetDouble@@20010N08 100100f4 f   System.Data.SQLite.netmodule
 0001:0000f150       ?System.Data.SQLite.SQLiteKeyReader.GetFloat@@20010M08 10010150 f   System.Data.SQLite.netmodule
 0001:0000f1ac       ?System.Data.SQLite.SQLiteKeyReader.GetGuid@@20011180NN08 100101ac f   System.Data.SQLite.netmodule
 0001:0000f208       ?System.Data.SQLite.SQLiteKeyReader.GetInt16@@20010608 10010208 f   System.Data.SQLite.netmodule
 0001:0000f298       ?System.Data.SQLite.SQLiteKeyReader.GetInt32@@20010808 10010298 f   System.Data.SQLite.netmodule
 0001:0000f328       ?System.Data.SQLite.SQLiteKeyReader.GetInt64@@20010K08 10010328 f   System.Data.SQLite.netmodule
 0001:0000f3b8       ?System.Data.SQLite.SQLiteKeyReader.GetString@@20010O08 100103b8 f   System.Data.SQLite.netmodule
 0001:0000f414       ?System.Data.SQLite.SQLiteKeyReader.GetValue@@20011M08 10010414 f   System.Data.SQLite.netmodule
 0001:0000f4a0       ?System.Data.SQLite.SQLiteKeyReader.IsDBNull@@20010208 100104a0 f   System.Data.SQLite.netmodule
 0001:0000f538       ?System.Data.SQLite.SQLiteKeyReader.AppendSchemaTable@@2001011280K5 10010538 f   System.Data.SQLite.netmodule
 0001:0000f83c       ?System.Data.SQLite.SQLiteKeyReader.KeyQuery..ctor@@20040112380O0O1N0O 1001083c f   System.Data.SQLite.netmodule
 0001:0000f8f8       ?System.Data.SQLite.SQLiteKeyReader.KeyQuery.set_IsValid@@20010102 100108f8 f   System.Data.SQLite.netmodule
 0001:0000f928       ?System.Data.SQLite.SQLiteKeyReader.KeyQuery.Sync@@2001010K 10010928 f   System.Data.SQLite.netmodule
 0001:0000f978       ?System.Data.SQLite.SQLiteKeyReader.KeyQuery.Dispose@@200001 10010978 f   System.Data.SQLite.netmodule
 0001:0000f994       ?System.Data.SQLite.SQLiteKeyReader.KeyQuery.CheckDisposed@@200001 10010994 f   System.Data.SQLite.netmodule
 0001:0000f9c0       ?System.Data.SQLite.SQLiteKeyReader.KeyQuery.Dispose@@20010102 100109c0 f   System.Data.SQLite.netmodule
[...]
 0001:000a3030       _fts3SnippetFunc           100a4030 f    CIL library: CIL module
 0001:000a31e0       _fts3GetMatchinfo          100a41e0 f    CIL library: CIL module
 0001:000a3400       _sqlite3Fts3Matchinfo      100a4400 f    CIL library: CIL module
 0001:000a3720       _fts3MatchinfoFunc         100a4720 f    CIL library: CIL module
 0001:000a3780       _fts3FindFunctionMethod    100a4780 f    CIL library: CIL module

 Exports

  ordinal    name

        1    _sqlite3_activate_see
               exported name: sqlite3_activate_see
        2    _sqlite3_aggregate_context
               exported name: sqlite3_aggregate_context
        3    _sqlite3_aggregate_count
               exported name: sqlite3_aggregate_count
        4    _sqlite3_auto_extension
               exported name: sqlite3_auto_extension
        5    _sqlite3_backup_finish
               exported name: sqlite3_backup_finish
        6    _sqlite3_backup_init
               exported name: sqlite3_backup_init
        7    _sqlite3_backup_pagecount
               exported name: sqlite3_backup_pagecount
        8    _sqlite3_backup_remaining
               exported name: sqlite3_backup_remaining
        9    _sqlite3_backup_step
               exported name: sqlite3_backup_step
       10    _sqlite3_bind_blob
               exported name: sqlite3_bind_blob
       11    _sqlite3_bind_double
               exported name: sqlite3_bind_double
       12    _sqlite3_bind_double_interop@12
       13    _sqlite3_bind_int
               exported name: sqlite3_bind_int
       14    _sqlite3_bind_int64
               exported name: sqlite3_bind_int64
       15    _sqlite3_bind_int64_interop@12
       16    _sqlite3_bind_null
               exported name: sqlite3_bind_null
       17    _sqlite3_bind_parameter_count
               exported name: sqlite3_bind_parameter_count
       18    _sqlite3_bind_parameter_index
               exported name: sqlite3_bind_parameter_index
       19    _sqlite3_bind_parameter_name
               exported name: sqlite3_bind_parameter_name
       20    _sqlite3_bind_parameter_name_interop@12
       21    _sqlite3_bind_text
               exported name: sqlite3_bind_text
       22    _sqlite3_bind_text16
               exported name: sqlite3_bind_text16
       23    _sqlite3_bind_value
               exported name: sqlite3_bind_value
       24    _sqlite3_bind_zeroblob
               exported name: sqlite3_bind_zeroblob
       25    _sqlite3_blob_bytes
               exported name: sqlite3_blob_bytes
       26    _sqlite3_blob_close
               exported name: sqlite3_blob_close
       27    _sqlite3_blob_open
               exported name: sqlite3_blob_open
       28    _sqlite3_blob_read
               exported name: sqlite3_blob_read
       29    _sqlite3_blob_reopen
               exported name: sqlite3_blob_reopen
       30    _sqlite3_blob_write
               exported name: sqlite3_blob_write
       31    _sqlite3_busy_handler
               exported name: sqlite3_busy_handler
       32    _sqlite3_busy_timeout
               exported name: sqlite3_busy_timeout
       33    _sqlite3_changes
               exported name: sqlite3_changes
       34    _sqlite3_clear_bindings
               exported name: sqlite3_clear_bindings
       35    _sqlite3_close
               exported name: sqlite3_close
       36    _sqlite3_close_interop@4
       37    _sqlite3_collation_needed
               exported name: sqlite3_collation_needed
       38    _sqlite3_collation_needed16
               exported name: sqlite3_collation_needed16
       39    _sqlite3_column_blob
               exported name: sqlite3_column_blob
       40    _sqlite3_column_bytes
               exported name: sqlite3_column_bytes
       41    _sqlite3_column_bytes16
               exported name: sqlite3_column_bytes16
       42    _sqlite3_column_count
               exported name: sqlite3_column_count
       43    _sqlite3_column_database_name
               exported name: sqlite3_column_database_name
       44    _sqlite3_column_database_name16
               exported name: sqlite3_column_database_name16
       45    _sqlite3_column_database_name16_interop@12
       46    _sqlite3_column_database_name_interop@12
       47    _sqlite3_column_decltype
               exported name: sqlite3_column_decltype
       48    _sqlite3_column_decltype16
               exported name: sqlite3_column_decltype16
       49    _sqlite3_column_decltype16_interop@12
       50    _sqlite3_column_decltype_interop@12
       51    _sqlite3_column_double
               exported name: sqlite3_column_double
       52    _sqlite3_column_double_interop@12
       53    _sqlite3_column_int
               exported name: sqlite3_column_int
       54    _sqlite3_column_int64
               exported name: sqlite3_column_int64
       55    _sqlite3_column_int64_interop@12
       56    _sqlite3_column_name
               exported name: sqlite3_column_name
       57    _sqlite3_column_name16
               exported name: sqlite3_column_name16
       58    _sqlite3_column_name16_interop@12
       59    _sqlite3_column_name_interop@12
       60    _sqlite3_column_origin_name
               exported name: sqlite3_column_origin_name
       61    _sqlite3_column_origin_name16
               exported name: sqlite3_column_origin_name16
       62    _sqlite3_column_origin_name16_interop@12
       63    _sqlite3_column_origin_name_interop@12
       64    _sqlite3_column_table_name
               exported name: sqlite3_column_table_name
       65    _sqlite3_column_table_name16
               exported name: sqlite3_column_table_name16
       66    _sqlite3_column_table_name16_interop@12
       67    _sqlite3_column_table_name_interop@12
       68    _sqlite3_column_text
               exported name: sqlite3_column_text
       69    _sqlite3_column_text16
               exported name: sqlite3_column_text16
       70    _sqlite3_column_text16_interop@12
       71    _sqlite3_column_text_interop@12
       72    _sqlite3_column_type
               exported name: sqlite3_column_type
       73    _sqlite3_column_value
               exported name: sqlite3_column_value
       74    _sqlite3_commit_hook
               exported name: sqlite3_commit_hook
       75    _sqlite3_compileoption_get
               exported name: sqlite3_compileoption_get
       76    _sqlite3_compileoption_used
               exported name: sqlite3_compileoption_used
       77    _sqlite3_complete
               exported name: sqlite3_complete
       78    _sqlite3_complete16
               exported name: sqlite3_complete16
       79    _sqlite3_config
               exported name: sqlite3_config
       80    _sqlite3_context_collcompare@20
       81    _sqlite3_context_collseq@16
       82    _sqlite3_context_db_handle
               exported name: sqlite3_context_db_handle
       83    _sqlite3_create_collation
               exported name: sqlite3_create_collation
       84    _sqlite3_create_collation16
               exported name: sqlite3_create_collation16
       85    _sqlite3_create_collation_v2
               exported name: sqlite3_create_collation_v2
       86    _sqlite3_create_function
               exported name: sqlite3_create_function
       87    _sqlite3_create_function16
               exported name: sqlite3_create_function16
       88    _sqlite3_create_function_interop@36
       89    _sqlite3_create_function_v2
               exported name: sqlite3_create_function_v2
       90    _sqlite3_create_module
               exported name: sqlite3_create_module
       91    _sqlite3_create_module_v2
               exported name: sqlite3_create_module_v2
       92    _sqlite3_cursor_rowid@12
       93    _sqlite3_data_count
               exported name: sqlite3_data_count
       94    _sqlite3_db_config
               exported name: sqlite3_db_config
       95    _sqlite3_db_filename
               exported name: sqlite3_db_filename
       96    _sqlite3_db_handle
               exported name: sqlite3_db_handle
       97    _sqlite3_db_mutex
               exported name: sqlite3_db_mutex
       98    _sqlite3_db_readonly
               exported name: sqlite3_db_readonly
       99    _sqlite3_db_release_memory
               exported name: sqlite3_db_release_memory
      100    _sqlite3_db_status
               exported name: sqlite3_db_status
      101    _sqlite3_declare_vtab
               exported name: sqlite3_declare_vtab
      102    _sqlite3_enable_load_extension
               exported name: sqlite3_enable_load_extension
      103    _sqlite3_enable_shared_cache
               exported name: sqlite3_enable_shared_cache
      104    _sqlite3_errcode
               exported name: sqlite3_errcode
      105    _sqlite3_errmsg
               exported name: sqlite3_errmsg
      106    _sqlite3_errmsg16
               exported name: sqlite3_errmsg16
      107    _sqlite3_errmsg_interop@8
      108    _sqlite3_exec
               exported name: sqlite3_exec
      109    _sqlite3_expired
               exported name: sqlite3_expired
      110    _sqlite3_extended_errcode
               exported name: sqlite3_extended_errcode
      111    _sqlite3_extended_result_codes
               exported name: sqlite3_extended_result_codes
      112    _sqlite3_file_control
               exported name: sqlite3_file_control
      113    _sqlite3_finalize
               exported name: sqlite3_finalize
      114    _sqlite3_finalize_interop@4
      115    _sqlite3_free
               exported name: sqlite3_free
      116    _sqlite3_free_table
               exported name: sqlite3_free_table
      117    _sqlite3_get_autocommit
               exported name: sqlite3_get_autocommit
      118    _sqlite3_get_auxdata
               exported name: sqlite3_get_auxdata
      119    _sqlite3_get_table
               exported name: sqlite3_get_table
      120    _sqlite3_global_recover
               exported name: sqlite3_global_recover
      121    _sqlite3_index_column_info_interop@32
      122    _sqlite3_initialize
               exported name: sqlite3_initialize
      123    _sqlite3_interrupt
               exported name: sqlite3_interrupt
      124    _sqlite3_key
               exported name: sqlite3_key
      125    _sqlite3_last_insert_rowid
               exported name: sqlite3_last_insert_rowid
      126    _sqlite3_libversion
               exported name: sqlite3_libversion
      127    _sqlite3_libversion_number
               exported name: sqlite3_libversion_number
      128    _sqlite3_limit
               exported name: sqlite3_limit
      129    _sqlite3_load_extension
               exported name: sqlite3_load_extension
      130    _sqlite3_log
               exported name: sqlite3_log
      131    _sqlite3_malloc
               exported name: sqlite3_malloc
      132    _sqlite3_memory_alarm
               exported name: sqlite3_memory_alarm
      133    _sqlite3_memory_highwater
               exported name: sqlite3_memory_highwater
      134    _sqlite3_memory_used
               exported name: sqlite3_memory_used
      135    _sqlite3_mprintf
               exported name: sqlite3_mprintf
      136    _sqlite3_mutex_alloc
               exported name: sqlite3_mutex_alloc
      137    _sqlite3_mutex_enter
               exported name: sqlite3_mutex_enter
      138    _sqlite3_mutex_free
               exported name: sqlite3_mutex_free
      139    _sqlite3_mutex_leave
               exported name: sqlite3_mutex_leave
      140    _sqlite3_mutex_try
               exported name: sqlite3_mutex_try
      141    _sqlite3_next_stmt
               exported name: sqlite3_next_stmt
      142    _sqlite3_open
               exported name: sqlite3_open
      143    _sqlite3_open16
               exported name: sqlite3_open16
      144    _sqlite3_open16_interop@12
      145    _sqlite3_open_interop@12
      146    _sqlite3_open_v2
               exported name: sqlite3_open_v2
      147    _sqlite3_os_end
               exported name: sqlite3_os_end
      148    _sqlite3_os_init
               exported name: sqlite3_os_init
      149    _sqlite3_overload_function
               exported name: sqlite3_overload_function
      150    _sqlite3_prepare
               exported name: sqlite3_prepare
      151    _sqlite3_prepare16
               exported name: sqlite3_prepare16
      152    _sqlite3_prepare16_interop@24
      153    _sqlite3_prepare16_v2
               exported name: sqlite3_prepare16_v2
      154    _sqlite3_prepare_interop@24
      155    _sqlite3_prepare_v2
               exported name: sqlite3_prepare_v2
      156    _sqlite3_profile
               exported name: sqlite3_profile
      157    _sqlite3_progress_handler
               exported name: sqlite3_progress_handler
      158    _sqlite3_randomness
               exported name: sqlite3_randomness
      159    _sqlite3_realloc
               exported name: sqlite3_realloc
      160    _sqlite3_rekey
               exported name: sqlite3_rekey
      161    _sqlite3_release_memory
               exported name: sqlite3_release_memory
      162    _sqlite3_reset
               exported name: sqlite3_reset
      163    _sqlite3_reset_auto_extension
               exported name: sqlite3_reset_auto_extension
      164    _sqlite3_reset_interop@4
      165    _sqlite3_result_blob
               exported name: sqlite3_result_blob
      166    _sqlite3_result_double
               exported name: sqlite3_result_double
      167    _sqlite3_result_double_interop@8
      168    _sqlite3_result_error
               exported name: sqlite3_result_error
      169    _sqlite3_result_error16
               exported name: sqlite3_result_error16
      170    _sqlite3_result_error_code
               exported name: sqlite3_result_error_code
      171    _sqlite3_result_error_nomem
               exported name: sqlite3_result_error_nomem
      172    _sqlite3_result_error_toobig
               exported name: sqlite3_result_error_toobig
      173    _sqlite3_result_int
               exported name: sqlite3_result_int
      174    _sqlite3_result_int64
               exported name: sqlite3_result_int64
      175    _sqlite3_result_int64_interop@8
      176    _sqlite3_result_null
               exported name: sqlite3_result_null
      177    _sqlite3_result_text
               exported name: sqlite3_result_text
      178    _sqlite3_result_text16
               exported name: sqlite3_result_text16
      179    _sqlite3_result_text16be
               exported name: sqlite3_result_text16be
      180    _sqlite3_result_text16le
               exported name: sqlite3_result_text16le
      181    _sqlite3_result_value
               exported name: sqlite3_result_value
      182    _sqlite3_result_zeroblob
               exported name: sqlite3_result_zeroblob
      183    _sqlite3_rollback_hook
               exported name: sqlite3_rollback_hook
      184    _sqlite3_rtree_geometry_callback
               exported name: sqlite3_rtree_geometry_callback
      185    _sqlite3_set_authorizer
               exported name: sqlite3_set_authorizer
      186    _sqlite3_set_auxdata
               exported name: sqlite3_set_auxdata
      187    _sqlite3_shutdown
               exported name: sqlite3_shutdown
      188    _sqlite3_sleep
               exported name: sqlite3_sleep
      189    _sqlite3_snprintf
               exported name: sqlite3_snprintf
      190    _sqlite3_soft_heap_limit
               exported name: sqlite3_soft_heap_limit
      191    _sqlite3_soft_heap_limit64
               exported name: sqlite3_soft_heap_limit64
      192    _sqlite3_sourceid
               exported name: sqlite3_sourceid
      193    _sqlite3_sql
               exported name: sqlite3_sql
      194    _sqlite3_status
               exported name: sqlite3_status
      195    _sqlite3_step
               exported name: sqlite3_step
      196    _sqlite3_stmt_busy
               exported name: sqlite3_stmt_busy
      197    _sqlite3_stmt_readonly
               exported name: sqlite3_stmt_readonly
      198    _sqlite3_stmt_status
               exported name: sqlite3_stmt_status
      199    _sqlite3_stricmp
               exported name: sqlite3_stricmp
      200    _sqlite3_strnicmp
               exported name: sqlite3_strnicmp
      201    _sqlite3_table_column_metadata
               exported name: sqlite3_table_column_metadata
      202    _sqlite3_table_column_metadata_interop@44
      203    _sqlite3_table_cursor@12
      204    _sqlite3_temp_directory
               exported name: sqlite3_temp_directory
      205    _sqlite3_test_control
               exported name: sqlite3_test_control
      206    _sqlite3_thread_cleanup
               exported name: sqlite3_thread_cleanup
      207    _sqlite3_threadsafe
               exported name: sqlite3_threadsafe
      208    _sqlite3_total_changes
               exported name: sqlite3_total_changes
      209    _sqlite3_trace
               exported name: sqlite3_trace
      210    _sqlite3_transfer_bindings
               exported name: sqlite3_transfer_bindings
      211    _sqlite3_update_hook
               exported name: sqlite3_update_hook
      212    _sqlite3_uri_boolean
               exported name: sqlite3_uri_boolean
      213    _sqlite3_uri_int64
               exported name: sqlite3_uri_int64
      214    _sqlite3_uri_parameter
               exported name: sqlite3_uri_parameter
      215    _sqlite3_user_data
               exported name: sqlite3_user_data
      216    _sqlite3_value_blob
               exported name: sqlite3_value_blob
      217    _sqlite3_value_bytes
               exported name: sqlite3_value_bytes
      218    _sqlite3_value_bytes16
               exported name: sqlite3_value_bytes16
      219    _sqlite3_value_double
               exported name: sqlite3_value_double
      220    _sqlite3_value_double_interop@8
      221    _sqlite3_value_int
               exported name: sqlite3_value_int
      222    _sqlite3_value_int64
               exported name: sqlite3_value_int64
      223    _sqlite3_value_int64_interop@8
      224    _sqlite3_value_numeric_type
               exported name: sqlite3_value_numeric_type
      225    _sqlite3_value_text
               exported name: sqlite3_value_text
      226    _sqlite3_value_text16
               exported name: sqlite3_value_text16
      227    _sqlite3_value_text16_interop@8
      228    _sqlite3_value_text16be
               exported name: sqlite3_value_text16be
      229    _sqlite3_value_text16le
               exported name: sqlite3_value_text16le
      230    _sqlite3_value_text_interop@8
      231    _sqlite3_value_type
               exported name: sqlite3_value_type
      232    _sqlite3_version
               exported name: sqlite3_version
      233    _sqlite3_vfs_find
               exported name: sqlite3_vfs_find
      234    _sqlite3_vfs_register
               exported name: sqlite3_vfs_register
      235    _sqlite3_vfs_unregister
               exported name: sqlite3_vfs_unregister
      236    _sqlite3_vmprintf
               exported name: sqlite3_vmprintf
      237    _sqlite3_vsnprintf
               exported name: sqlite3_vsnprintf
      238    _sqlite3_vtab_config
               exported name: sqlite3_vtab_config
      239    _sqlite3_vtab_on_conflict
               exported name: sqlite3_vtab_on_conflict
      240    _sqlite3_wal_autocheckpoint
               exported name: sqlite3_wal_autocheckpoint
      241    _sqlite3_wal_checkpoint
               exported name: sqlite3_wal_checkpoint
      242    _sqlite3_wal_checkpoint_v2
               exported name: sqlite3_wal_checkpoint_v2
      243    _sqlite3_wal_hook
               exported name: sqlite3_wal_hook
      244    _sqlite3_win32_mbcs_to_utf8
               exported name: sqlite3_win32_mbcs_to_utf8
      245    _sqlite3_win32_utf8_to_mbcs
               exported name: sqlite3_win32_utf8_to_mbcs
